Archive member included to satisfy reference by file (symbol)

c:/program files/atollic/truestudio for arm 7.1.0/armtools/bin/../lib/gcc/arm-atollic-eabi/5.3.1/../../../../arm-atollic-eabi/lib/armv7-m\libc.a(lib_a-init.o)
                              src\startup_stm32f10x_hd.o (__libc_init_array)
c:/program files/atollic/truestudio for arm 7.1.0/armtools/bin/../lib/gcc/arm-atollic-eabi/5.3.1/../../../../arm-atollic-eabi/lib/armv7-m\libc.a(lib_a-memcpy-stub.o)
                              FreeRTOS\src\queue.o (memcpy)
c:/program files/atollic/truestudio for arm 7.1.0/armtools/bin/../lib/gcc/arm-atollic-eabi/5.3.1/../../../../arm-atollic-eabi/lib/armv7-m\libc.a(lib_a-memmove.o)
                              microrl\microrl.o (memmove)
c:/program files/atollic/truestudio for arm 7.1.0/armtools/bin/../lib/gcc/arm-atollic-eabi/5.3.1/../../../../arm-atollic-eabi/lib/armv7-m\libc.a(lib_a-memset.o)
                              microrl\microrl.o (memset)
c:/program files/atollic/truestudio for arm 7.1.0/armtools/bin/../lib/gcc/arm-atollic-eabi/5.3.1/../../../../arm-atollic-eabi/lib/armv7-m\libc.a(lib_a-strcmp.o)
                              microrl\microrl_func.o (strcmp)
c:/program files/atollic/truestudio for arm 7.1.0/armtools/bin/../lib/gcc/arm-atollic-eabi/5.3.1/../../../../arm-atollic-eabi/lib/armv7-m\libc.a(lib_a-strlen.o)
                              microrl\microrl.o (strlen)
c:/program files/atollic/truestudio for arm 7.1.0/armtools/bin/../lib/gcc/arm-atollic-eabi/5.3.1/../../../../arm-atollic-eabi/lib/armv7-m\libc.a(lib_a-strstr.o)
                              microrl\microrl_func.o (strstr)

Allocating common symbols
Common symbol       size              file

rl                  0xd4              microrl\microrl_func.o
sTxRingBuf          0x88              src\uart.o
xTxSemaphore        0x4               src\uart.o
terminalFuncArray   0x78              microrl\microrl_func.o
xRxSemaphore        0x4               src\uart.o
sRxRingBuf          0x88              src\uart.o

Discarded input sections

 .text          0x00000000        0x0 c:/program files/atollic/truestudio for arm 7.1.0/armtools/bin/../lib/gcc/arm-atollic-eabi/5.3.1/armv7-m/crti.o
 .data          0x00000000        0x0 c:/program files/atollic/truestudio for arm 7.1.0/armtools/bin/../lib/gcc/arm-atollic-eabi/5.3.1/armv7-m/crti.o
 .bss           0x00000000        0x0 c:/program files/atollic/truestudio for arm 7.1.0/armtools/bin/../lib/gcc/arm-atollic-eabi/5.3.1/armv7-m/crti.o
 .data          0x00000000        0x4 c:/program files/atollic/truestudio for arm 7.1.0/armtools/bin/../lib/gcc/arm-atollic-eabi/5.3.1/armv7-m/crtbegin.o
 .text          0x00000000        0x0 FreeRTOS\include\port.o
 .data          0x00000000        0x0 FreeRTOS\include\port.o
 .bss           0x00000000        0x0 FreeRTOS\include\port.o
 .text.vPortEndScheduler
                0x00000000        0xc FreeRTOS\include\port.o
 .text          0x00000000        0x0 FreeRTOS\src\croutine.o
 .data          0x00000000        0x0 FreeRTOS\src\croutine.o
 .bss           0x00000000        0x0 FreeRTOS\src\croutine.o
 .bss.pxReadyCoRoutineLists
                0x00000000       0x28 FreeRTOS\src\croutine.o
 .bss.xDelayedCoRoutineList1
                0x00000000       0x14 FreeRTOS\src\croutine.o
 .bss.xDelayedCoRoutineList2
                0x00000000       0x14 FreeRTOS\src\croutine.o
 .bss.pxDelayedCoRoutineList
                0x00000000        0x4 FreeRTOS\src\croutine.o
 .bss.pxOverflowDelayedCoRoutineList
                0x00000000        0x4 FreeRTOS\src\croutine.o
 .bss.xPendingReadyCoRoutineList
                0x00000000       0x14 FreeRTOS\src\croutine.o
 .bss.pxCurrentCoRoutine
                0x00000000        0x4 FreeRTOS\src\croutine.o
 .bss.uxTopCoRoutineReadyPriority
                0x00000000        0x4 FreeRTOS\src\croutine.o
 .bss.xCoRoutineTickCount
                0x00000000        0x4 FreeRTOS\src\croutine.o
 .bss.xLastTickCount
                0x00000000        0x4 FreeRTOS\src\croutine.o
 .bss.xPassedTicks
                0x00000000        0x4 FreeRTOS\src\croutine.o
 .text.xCoRoutineCreate
                0x00000000       0xcc FreeRTOS\src\croutine.o
 .text.vCoRoutineAddToDelayedList
                0x00000000       0x84 FreeRTOS\src\croutine.o
 .text.prvCheckPendingReadyList
                0x00000000       0x7c FreeRTOS\src\croutine.o
 .text.prvCheckDelayedList
                0x00000000       0xf8 FreeRTOS\src\croutine.o
 .text.vCoRoutineSchedule
                0x00000000       0xa0 FreeRTOS\src\croutine.o
 .text.prvInitialiseCoRoutineLists
                0x00000000       0x6c FreeRTOS\src\croutine.o
 .text.xCoRoutineRemoveFromEventList
                0x00000000       0x50 FreeRTOS\src\croutine.o
 .debug_info    0x00000000      0x4ec FreeRTOS\src\croutine.o
 .debug_abbrev  0x00000000      0x198 FreeRTOS\src\croutine.o
 .debug_aranges
                0x00000000       0x50 FreeRTOS\src\croutine.o
[...]
Memory Configuration

Name             Origin             Length             Attributes
FLASH            0x08000000         0x00080000         xr
RAM              0x20000000         0x00010000         xrw
MEMORY_B1        0x60000000         0x00000000         xr
*default*        0x00000000         0xffffffff

Linker script and memory map

LOAD c:/program files/atollic/truestudio for arm 7.1.0/armtools/bin/../lib/gcc/arm-atollic-eabi/5.3.1/armv7-m/crti.o
LOAD c:/program files/atollic/truestudio for arm 7.1.0/armtools/bin/../lib/gcc/arm-atollic-eabi/5.3.1/armv7-m/crtbegin.o
LOAD FreeRTOS\include\port.o
LOAD FreeRTOS\src\croutine.o
LOAD FreeRTOS\src\event_groups.o
LOAD FreeRTOS\src\heap_2.o
LOAD FreeRTOS\src\list.o
LOAD FreeRTOS\src\queue.o
LOAD FreeRTOS\src\tasks.o
LOAD FreeRTOS\src\timers.o
LOAD Libraries\STM32F10x_StdPeriph_Driver\src\misc.o
LOAD Libraries\STM32F10x_StdPeriph_Driver\src\stm32f10x_adc.o
LOAD Libraries\STM32F10x_StdPeriph_Driver\src\stm32f10x_bkp.o
LOAD Libraries\STM32F10x_StdPeriph_Driver\src\stm32f10x_can.o
LOAD Libraries\STM32F10x_StdPeriph_Driver\src\stm32f10x_cec.o
LOAD Libraries\STM32F10x_StdPeriph_Driver\src\stm32f10x_crc.o
LOAD Libraries\STM32F10x_StdPeriph_Driver\src\stm32f10x_dac.o
LOAD Libraries\STM32F10x_StdPeriph_Driver\src\stm32f10x_dbgmcu.o
LOAD Libraries\STM32F10x_StdPeriph_Driver\src\stm32f10x_dma.o
LOAD Libraries\STM32F10x_StdPeriph_Driver\src\stm32f10x_exti.o
LOAD Libraries\STM32F10x_StdPeriph_Driver\src\stm32f10x_flash.o
LOAD Libraries\STM32F10x_StdPeriph_Driver\src\stm32f10x_fsmc.o
LOAD Libraries\STM32F10x_StdPeriph_Driver\src\stm32f10x_gpio.o
LOAD Libraries\STM32F10x_StdPeriph_Driver\src\stm32f10x_i2c.o
LOAD Libraries\STM32F10x_StdPeriph_Driver\src\stm32f10x_iwdg.o
LOAD Libraries\STM32F10x_StdPeriph_Driver\src\stm32f10x_pwr.o
LOAD Libraries\STM32F10x_StdPeriph_Driver\src\stm32f10x_rcc.o
LOAD Libraries\STM32F10x_StdPeriph_Driver\src\stm32f10x_rtc.o
LOAD Libraries\STM32F10x_StdPeriph_Driver\src\stm32f10x_sdio.o
LOAD Libraries\STM32F10x_StdPeriph_Driver\src\stm32f10x_spi.o
LOAD Libraries\STM32F10x_StdPeriph_Driver\src\stm32f10x_tim.o
LOAD Libraries\STM32F10x_StdPeriph_Driver\src\stm32f10x_usart.o
LOAD Libraries\STM32F10x_StdPeriph_Driver\src\stm32f10x_wwdg.o
LOAD microrl\microrl.o
LOAD microrl\microrl_func.o
LOAD src\main.o
LOAD src\startup_stm32f10x_hd.o
LOAD src\system_stm32f10x.o
LOAD src\uart.o
START GROUP
LOAD c:/program files/atollic/truestudio for arm 7.1.0/armtools/bin/../lib/gcc/arm-atollic-eabi/5.3.1/../../../../arm-atollic-eabi/lib/armv7-m\libc.a
LOAD c:/program files/atollic/truestudio for arm 7.1.0/armtools/bin/../lib/gcc/arm-atollic-eabi/5.3.1/../../../../arm-atollic-eabi/lib/armv7-m\libm.a
END GROUP
                0x00000080                malloc_getpagesize_P = 0x80
START GROUP
LOAD c:/program files/atollic/truestudio for arm 7.1.0/armtools/bin/../lib/gcc/arm-atollic-eabi/5.3.1/armv7-m\libgcc.a
LOAD c:/program files/atollic/truestudio for arm 7.1.0/armtools/bin/../lib/gcc/arm-atollic-eabi/5.3.1/../../../../arm-atollic-eabi/lib/armv7-m\libc.a
END GROUP
START GROUP
LOAD c:/program files/atollic/truestudio for arm 7.1.0/armtools/bin/../lib/gcc/arm-atollic-eabi/5.3.1/armv7-m\libgcc.a
LOAD c:/program files/atollic/truestudio for arm 7.1.0/armtools/bin/../lib/gcc/arm-atollic-eabi/5.3.1/../../../../arm-atollic-eabi/lib/armv7-m\libc.a
LOAD c:/program files/atollic/truestudio for arm 7.1.0/armtools/bin/../lib/gcc/arm-atollic-eabi/5.3.1/../../../../arm-atollic-eabi/lib/armv7-m\libnosys.a
END GROUP
LOAD c:/program files/atollic/truestudio for arm 7.1.0/armtools/bin/../lib/gcc/arm-atollic-eabi/5.3.1/armv7-m/crtend.o
LOAD c:/program files/atollic/truestudio for arm 7.1.0/armtools/bin/../lib/gcc/arm-atollic-eabi/5.3.1/armv7-m/crtn.o
                0x20010000                _estack = 0x20010000
                0x00000000                _Min_Heap_Size = 0x0
                0x00000200                _Min_Stack_Size = 0x200

.isr_vector     0x08000000      0x1e4
                0x08000000                . = ALIGN (0x4)
 *(.isr_vector)
 .isr_vector    0x08000000      0x1e4 src\startup_stm32f10x_hd.o
                0x08000000                g_pfnVectors
                0x080001e4                . = ALIGN (0x4)

.text           0x080001e4     0x39cc
                0x080001e4                . = ALIGN (0x4)
 *(.text)
 .text          0x080001e4       0x40 c:/program files/atollic/truestudio for arm 7.1.0/armtools/bin/../lib/gcc/arm-atollic-eabi/5.3.1/armv7-m/crtbegin.o
 .text          0x08000224       0x14 c:/program files/atollic/truestudio for arm 7.1.0/armtools/bin/../lib/gcc/arm-atollic-eabi/5.3.1/../../../../arm-atollic-eabi/lib/armv7-m\libc.a(lib_a-strcmp.o)
                0x08000224                strcmp
 .text          0x08000238       0x10 c:/program files/atollic/truestudio for arm 7.1.0/armtools/bin/../lib/gcc/arm-atollic-eabi/5.3.1/../../../../arm-atollic-eabi/lib/armv7-m\libc.a(lib_a-strlen.o)
                0x08000238                strlen
 *(.text*)
 .text.pxPortInitialiseStack
                0x08000248       0x54 FreeRTOS\include\port.o
                0x08000248                pxPortInitialiseStack
 .text.prvTaskExitError
                0x0800029c        0xc FreeRTOS\include\port.o
 .text.SVC_Handler
                0x080002a8       0x28 FreeRTOS\include\port.o
                0x080002a8                SVC_Handler
 .text.prvPortStartFirstTask
                0x080002d0       0x20 FreeRTOS\include\port.o
 .text.xPortStartScheduler
                0x080002f0       0x3c FreeRTOS\include\port.o
                0x080002f0                xPortStartScheduler
 .text.vPortYield
                0x0800032c       0x20 FreeRTOS\include\port.o
                0x0800032c                vPortYield
 .text.vPortEnterCritical
                0x0800034c       0x24 FreeRTOS\include\port.o
                0x0800034c                vPortEnterCritical
 .text.vPortExitCritical
                0x08000370       0x24 FreeRTOS\include\port.o
                0x08000370                vPortExitCritical
 .text.ulPortSetInterruptMask
                0x08000394       0x14 FreeRTOS\include\port.o
                0x08000394                ulPortSetInterruptMask
 .text.vPortClearInterruptMask
                0x080003a8        0x8 FreeRTOS\include\port.o
                0x080003a8                vPortClearInterruptMask
 .text.PendSV_Handler
                0x080003b0       0x48 FreeRTOS\include\port.o
                0x080003b0                PendSV_Handler
 .text.SysTick_Handler
                0x080003f8       0x28 FreeRTOS\include\port.o
                0x080003f8                SysTick_Handler
 .text.vPortSetupTimerInterrupt
                0x08000420       0x24 FreeRTOS\include\port.o
                0x08000420                vPortSetupTimerInterrupt
 .text.pvPortMalloc
                0x08000444      0x11c FreeRTOS\src\heap_2.o
                0x08000444                pvPortMalloc
 .text.vPortFree
                0x08000560       0x74 FreeRTOS\src\heap_2.o
                0x08000560                vPortFree
 .text.prvHeapInit
                0x080005d4       0x50 FreeRTOS\src\heap_2.o
 .text.vListInitialise
                0x08000624       0x40 FreeRTOS\src\list.o
                0x08000624                vListInitialise
 .text.vListInitialiseItem
                0x08000664       0x18 FreeRTOS\src\list.o
                0x08000664                vListInitialiseItem
 .text.vListInsertEnd
                0x0800067c       0x48 FreeRTOS\src\list.o
                0x0800067c                vListInsertEnd
 .text.vListInsert
                0x080006c4       0x70 FreeRTOS\src\list.o
                0x080006c4                vListInsert
 .text.uxListRemove
                0x08000734       0x54 FreeRTOS\src\list.o
                0x08000734                uxListRemove
 .text.xQueueGenericReset
                0x08000788       0xa4 FreeRTOS\src\queue.o
                0x08000788                xQueueGenericReset
 .text.xQueueGenericCreate
                0x0800082c       0x70 FreeRTOS\src\queue.o
                0x0800082c                xQueueGenericCreate
 .text.xQueueCreateCountingSemaphore
                0x0800089c       0x2c FreeRTOS\src\queue.o
                0x0800089c                xQueueCreateCountingSemaphore
 .text.xQueueGenericSend
                0x080008c8      0x110 FreeRTOS\src\queue.o
                0x080008c8                xQueueGenericSend
 .text.xQueueGenericSendFromISR
                0x080009d8       0x88 FreeRTOS\src\queue.o
                0x080009d8                xQueueGenericSendFromISR
 .text.xQueueGenericReceive
                0x08000a60      0x16c FreeRTOS\src\queue.o
                0x08000a60                xQueueGenericReceive
 .text.prvCopyDataToQueue
                0x08000bcc       0xd0 FreeRTOS\src\queue.o
 .text.prvCopyDataFromQueue
                0x08000c9c       0x4c FreeRTOS\src\queue.o
 .text.prvUnlockQueue
                0x08000ce8       0x98 FreeRTOS\src\queue.o
 .text.prvIsQueueEmpty
                0x08000d80       0x2c FreeRTOS\src\queue.o
 .text.prvIsQueueFull
                0x08000dac       0x30 FreeRTOS\src\queue.o
 .text.xTaskGenericCreate
                0x08000ddc      0x138 FreeRTOS\src\tasks.o
                0x08000ddc                xTaskGenericCreate
 .text.vTaskDelay
                0x08000f14       0x54 FreeRTOS\src\tasks.o
                0x08000f14                vTaskDelay
 .text.vTaskStartScheduler
                0x08000f68       0x58 FreeRTOS\src\tasks.o
                0x08000f68                vTaskStartScheduler
 .text.vTaskSuspendAll
                0x08000fc0       0x1c FreeRTOS\src\tasks.o
                0x08000fc0                vTaskSuspendAll
 .text.xTaskResumeAll
                0x08000fdc       0xfc FreeRTOS\src\tasks.o
                0x08000fdc                xTaskResumeAll
 .text.xTaskIncrementTick
                0x080010d8      0x15c FreeRTOS\src\tasks.o
                0x080010d8                xTaskIncrementTick
 .text.vTaskSwitchContext
                0x08001234       0x98 FreeRTOS\src\tasks.o
                0x08001234                vTaskSwitchContext
 .text.vTaskPlaceOnEventList
                0x080012cc       0x60 FreeRTOS\src\tasks.o
                0x080012cc                vTaskPlaceOnEventList
 .text.xTaskRemoveFromEventList
                0x0800132c       0xac FreeRTOS\src\tasks.o
                0x0800132c                xTaskRemoveFromEventList
 .text.vTaskSetTimeOutState
                0x080013d8       0x2c FreeRTOS\src\tasks.o
                0x080013d8                vTaskSetTimeOutState
 .text.xTaskCheckForTimeOut
                0x08001404       0x88 FreeRTOS\src\tasks.o
                0x08001404                xTaskCheckForTimeOut
 .text.vTaskMissedYield
                0x0800148c       0x18 FreeRTOS\src\tasks.o
                0x0800148c                vTaskMissedYield
 .text.prvIdleTask
                0x080014a4       0x20 FreeRTOS\src\tasks.o
 .text.prvInitialiseTCBVariables
                0x080014c4       0x94 FreeRTOS\src\tasks.o
 .text.prvInitialiseTaskLists
                0x08001558       0x80 FreeRTOS\src\tasks.o
 .text.prvCheckTasksWaitingTermination
                0x080015d8       0x78 FreeRTOS\src\tasks.o
 .text.prvAddCurrentTaskToDelayedList
                0x08001650       0x6c FreeRTOS\src\tasks.o
 .text.prvAllocateTCBAndStack
                0x080016bc       0x50 FreeRTOS\src\tasks.o
 .text.prvDeleteTCB
                0x0800170c       0x20 FreeRTOS\src\tasks.o
 .text.prvResetNextTaskUnblockTime
                0x0800172c       0x48 FreeRTOS\src\tasks.o
 .text.xTaskGetCurrentTaskHandle
                0x08001774       0x1c FreeRTOS\src\tasks.o
                0x08001774                xTaskGetCurrentTaskHandle
 .text.vTaskPriorityInherit
                0x08001790       0xbc FreeRTOS\src\tasks.o
                0x08001790                vTaskPriorityInherit
 .text.vTaskPriorityDisinherit
                0x0800184c       0x84 FreeRTOS\src\tasks.o
                0x0800184c                vTaskPriorityDisinherit
 .text.GPIO_Init
                0x080018d0      0x178 Libraries\STM32F10x_StdPeriph_Driver\src\stm32f10x_gpio.o
                0x080018d0                GPIO_Init
 .text.GPIO_WriteBit
                0x08001a48       0x30 Libraries\STM32F10x_StdPeriph_Driver\src\stm32f10x_gpio.o
                0x08001a48                GPIO_WriteBit
 .text.RCC_GetClocksFreq
                0x08001a78      0x160 Libraries\STM32F10x_StdPeriph_Driver\src\stm32f10x_rcc.o
                0x08001a78                RCC_GetClocksFreq
 .text.RCC_APB2PeriphClockCmd
                0x08001bd8       0x3c Libraries\STM32F10x_StdPeriph_Driver\src\stm32f10x_rcc.o
                0x08001bd8                RCC_APB2PeriphClockCmd
 .text.USART_Init
                0x08001c14      0x174 Libraries\STM32F10x_StdPeriph_Driver\src\stm32f10x_usart.o
                0x08001c14                USART_Init
 .text.USART_Cmd
                0x08001d88       0x40 Libraries\STM32F10x_StdPeriph_Driver\src\stm32f10x_usart.o
                0x08001d88                USART_Cmd
 .text.USART_ITConfig
                0x08001dc8       0x90 Libraries\STM32F10x_StdPeriph_Driver\src\stm32f10x_usart.o
                0x08001dc8                USART_ITConfig
 .text.USART_SendData
                0x08001e58       0x24 Libraries\STM32F10x_StdPeriph_Driver\src\stm32f10x_usart.o
                0x08001e58                USART_SendData
 .text.USART_ReceiveData
                0x08001e7c       0x20 Libraries\STM32F10x_StdPeriph_Driver\src\stm32f10x_usart.o
                0x08001e7c                USART_ReceiveData
 .text.USART_GetITStatus
                0x08001e9c       0xb4 Libraries\STM32F10x_StdPeriph_Driver\src\stm32f10x_usart.o
                0x08001e9c                USART_GetITStatus
 .text.USART_ClearITPendingBit
                0x08001f50       0x38 Libraries\STM32F10x_StdPeriph_Driver\src\stm32f10x_usart.o
                0x08001f50                USART_ClearITPendingBit
 .text.hist_erase_older
                0x08001f88       0x38 microrl\microrl.o
 .text.hist_is_space_for_new
                0x08001fc0       0x64 microrl\microrl.o
 .text.hist_save_line
                0x08002024       0xe0 microrl\microrl.o
 .text.hist_restore_line
                0x08002104      0x210 microrl\microrl.o
 .text.split    0x08002314       0x94 microrl\microrl.o
 .text.print_prompt
                0x080023a8       0x20 microrl\microrl.o
 .text.terminal_backspace
                0x080023c8       0x20 microrl\microrl.o
 .text.terminal_newline
                0x080023e8       0x20 microrl\microrl.o
 .text.u16bit_to_str
                0x08002408       0xa4 microrl\microrl.o
 .text.terminal_move_cursor
                0x080024ac       0x9c microrl\microrl.o
 .text.terminal_reset_cursor
                0x08002548       0x70 microrl\microrl.o
 .text.terminal_print_line
                0x080025b8       0x74 microrl\microrl.o
 .text.microrl_init
                0x0800262c       0x90 microrl\microrl.o
                0x0800262c                microrl_init
 .text.microrl_set_complete_callback
                0x080026bc       0x1c microrl\microrl.o
                0x080026bc                microrl_set_complete_callback
 .text.microrl_set_execute_callback
                0x080026d8       0x1c microrl\microrl.o
                0x080026d8                microrl_set_execute_callback
 .text.microrl_set_sigint_callback
                0x080026f4       0x1c microrl\microrl.o
                0x080026f4                microrl_set_sigint_callback
 .text.hist_search
                0x08002710       0x54 microrl\microrl.o
 .text.escape_process
                0x08002764      0x11c microrl\microrl.o
 .text.microrl_insert_text
                0x08002880       0xe8 microrl\microrl.o
 .text.microrl_backspace
                0x08002968       0x80 microrl\microrl.o
 .text.common_len
                0x080029e8       0x94 microrl\microrl.o
 .text.microrl_get_complite
                0x08002a7c      0x15c microrl\microrl.o
 .text.new_line_handler
                0x08002bd8       0xb8 microrl\microrl.o
                0x08002bd8                new_line_handler
 .text.microrl_insert_char
                0x08002c90      0x3b0 microrl\microrl.o
                0x08002c90                microrl_insert_char
 .text.NVIC_SystemReset
                0x08003040       0x28 microrl\microrl_func.o
 .text.microrl_terminalInit
                0x08003068       0x50 microrl\microrl_func.o
                0x08003068                microrl_terminalInit
 .text.microrl_terminalProcess
                0x080030b8       0x20 microrl\microrl_func.o
                0x080030b8                microrl_terminalProcess
 .text.microrl_registerExecuteFunc
                0x080030d8       0x68 microrl\microrl_func.o
                0x080030d8                microrl_registerExecuteFunc
 .text.microrl_printString
                0x08003140       0x18 microrl\microrl_func.o
                0x08003140                microrl_printString
 .text.microrl_printStringWithEndl
                0x08003158       0x20 microrl\microrl_func.o
                0x08003158                microrl_printStringWithEndl
 .text.microrl_printEndl
                0x08003178       0x14 microrl\microrl_func.o
                0x08003178                microrl_printEndl
 .text.prv_registerBasicTerminalFuncs
                0x0800318c       0x48 microrl\microrl_func.o
 .text.prv_getFuncArrayIndex
                0x080031d4       0x54 microrl\microrl_func.o
 .text.prv_execute
                0x08003228       0x60 microrl\microrl_func.o
 .text.prv_complet
                0x08003288       0xac microrl\microrl_func.o
 .text.prv_sigint
                0x08003334        0xc microrl\microrl_func.o
 .text.prv_TerminalFunc_about
                0x08003340       0x28 microrl\microrl_func.o
 .text.prv_TerminalFunc_help
                0x08003368       0x40 microrl\microrl_func.o
 .text.prv_printMainHelp
                0x080033a8       0x68 microrl\microrl_func.o
 .text.prv_printTerminalFuncHelp
                0x08003410       0x68 microrl\microrl_func.o
 .text.prv_TerminalFunc_clear
                0x08003478       0x28 microrl\microrl_func.o
 .text.vBlinker
                0x080034a0       0x5c src\main.o
                0x080034a0                vBlinker
 .text.microrl_run
                0x080034fc       0x14 src\main.o
                0x080034fc                microrl_run
 .text.main     0x08003510       0xd8 src\main.o
                0x08003510                main
 .text.Reset_Handler
                0x080035e8       0x50 src\startup_stm32f10x_hd.o
                0x080035e8                Reset_Handler
 .text.Default_Handler
                0x08003638        0x2 src\startup_stm32f10x_hd.o
                0x08003638                EXTI2_IRQHandler
                0x08003638                TIM8_TRG_COM_IRQHandler
                0x08003638                TIM8_CC_IRQHandler
                0x08003638                DebugMon_Handler
                0x08003638                TIM1_CC_IRQHandler
                0x08003638                HardFault_Handler
                0x08003638                TIM6_IRQHandler
                0x08003638                PVD_IRQHandler
                0x08003638                SDIO_IRQHandler
                0x08003638                NMI_Handler
                0x08003638                EXTI3_IRQHandler
                0x08003638                EXTI0_IRQHandler
                0x08003638                I2C2_EV_IRQHandler
                0x08003638                UsageFault_Handler
                0x08003638                ADC1_2_IRQHandler
                0x08003638                SPI1_IRQHandler
                0x08003638                TAMPER_IRQHandler
                0x08003638                TIM8_UP_IRQHandler
                0x08003638                DMA2_Channel2_IRQHandler
                0x08003638                DMA1_Channel4_IRQHandler
                0x08003638                USART3_IRQHandler
                0x08003638                RTC_IRQHandler
                0x08003638                DMA1_Channel7_IRQHandler
                0x08003638                CAN1_RX1_IRQHandler
                0x08003638                UART5_IRQHandler
                0x08003638                ADC3_IRQHandler
                0x08003638                TIM4_IRQHandler
                0x08003638                DMA2_Channel1_IRQHandler
                0x08003638                I2C1_EV_IRQHandler
                0x08003638                DMA1_Channel6_IRQHandler
                0x08003638                UART4_IRQHandler
                0x08003638                TIM3_IRQHandler
                0x08003638                RCC_IRQHandler
                0x08003638                TIM1_TRG_COM_IRQHandler
                0x08003638                DMA1_Channel1_IRQHandler
                0x08003638                Default_Handler
                0x08003638                EXTI15_10_IRQHandler
                0x08003638                TIM7_IRQHandler
                0x08003638                TIM5_IRQHandler
                0x08003638                EXTI9_5_IRQHandler
                0x08003638                SPI2_IRQHandler
                0x08003638                MemManage_Handler
                0x08003638                DMA1_Channel5_IRQHandler
                0x08003638                EXTI4_IRQHandler
                0x08003638                USB_LP_CAN1_RX0_IRQHandler
                0x08003638                USB_HP_CAN1_TX_IRQHandler
                0x08003638                DMA1_Channel3_IRQHandler
                0x08003638                FSMC_IRQHandler
                0x08003638                TIM1_UP_IRQHandler
                0x08003638                WWDG_IRQHandler
                0x08003638                TIM2_IRQHandler
                0x08003638                TIM1_BRK_IRQHandler
                0x08003638                EXTI1_IRQHandler
                0x08003638                RTCAlarm_IRQHandler
                0x08003638                DMA2_Channel4_5_IRQHandler
                0x08003638                USART2_IRQHandler
                0x08003638                I2C2_ER_IRQHandler
                0x08003638                DMA1_Channel2_IRQHandler
                0x08003638                TIM8_BRK_IRQHandler
                0x08003638                CAN1_SCE_IRQHandler
                0x08003638                FLASH_IRQHandler
                0x08003638                BusFault_Handler
                0x08003638                SPI3_IRQHandler
                0x08003638                I2C1_ER_IRQHandler
                0x08003638                USBWakeUp_IRQHandler
                0x08003638                DMA2_Channel3_IRQHandler
 *fill*         0x0800363a        0x2 
 .text.SystemInit
                0x0800363c       0x68 src\system_stm32f10x.o
                0x0800363c                SystemInit
 .text.SetSysClock
                0x080036a4        0xc src\system_stm32f10x.o
 .text.SetSysClockTo72
                0x080036b0      0x100 src\system_stm32f10x.o
 .text.NVIC_EnableIRQ
                0x080037b0       0x30 src\uart.o
 .text.UART_Init
                0x080037e0       0xd0 src\uart.o
                0x080037e0                UART_Init
 .text.UART_SendString
                0x080038b0       0x58 src\uart.o
                0x080038b0                UART_SendString
 .text.UART_GetChar
                0x08003908       0x54 src\uart.o
                0x08003908                UART_GetChar
 .text.UART_GetCharBlocking
                0x0800395c       0x24 src\uart.o
                0x0800395c                UART_GetCharBlocking
 .text.prv_SendChar
                0x08003980       0x4c src\uart.o
                0x08003980                prv_SendChar
 .text.USART1_IRQHandler
                0x080039cc       0xf0 src\uart.o
                0x080039cc                USART1_IRQHandler
 .text.__libc_init_array
                0x08003abc       0x4c c:/program files/atollic/truestudio for arm 7.1.0/armtools/bin/../lib/gcc/arm-atollic-eabi/5.3.1/../../../../arm-atollic-eabi/lib/armv7-m\libc.a(lib_a-init.o)
                0x08003abc                __libc_init_array
 .text.memcpy   0x08003b08       0x16 c:/program files/atollic/truestudio for arm 7.1.0/armtools/bin/../lib/gcc/arm-atollic-eabi/5.3.1/../../../../arm-atollic-eabi/lib/armv7-m\libc.a(lib_a-memcpy-stub.o)
                0x08003b08                memcpy
 .text.memmove  0x08003b1e       0x36 c:/program files/atollic/truestudio for arm 7.1.0/armtools/bin/../lib/gcc/arm-atollic-eabi/5.3.1/../../../../arm-atollic-eabi/lib/armv7-m\libc.a(lib_a-memmove.o)
                0x08003b1e                memmove
 .text.memset   0x08003b54       0x10 c:/program files/atollic/truestudio for arm 7.1.0/armtools/bin/../lib/gcc/arm-atollic-eabi/5.3.1/../../../../arm-atollic-eabi/lib/armv7-m\libc.a(lib_a-memset.o)
                0x08003b54                memset
 .text.strstr   0x08003b64       0x34 c:/program files/atollic/truestudio for arm 7.1.0/armtools/bin/../lib/gcc/arm-atollic-eabi/5.3.1/../../../../arm-atollic-eabi/lib/armv7-m\libc.a(lib_a-strstr.o)
                0x08003b64                strstr
 *(.glue_7)
 .glue_7        0x08003b98        0x0 linker stubs
 *(.glue_7t)
 .glue_7t       0x08003b98        0x0 linker stubs
 *(.eh_frame)
 .eh_frame      0x08003b98        0x0 c:/program files/atollic/truestudio for arm 7.1.0/armtools/bin/../lib/gcc/arm-atollic-eabi/5.3.1/armv7-m/crtbegin.o
 *(.init)
 .init          0x08003b98        0x4 c:/program files/atollic/truestudio for arm 7.1.0/armtools/bin/../lib/gcc/arm-atollic-eabi/5.3.1/armv7-m/crti.o
                0x08003b98                _init
 .init          0x08003b9c        0x8 c:/program files/atollic/truestudio for arm 7.1.0/armtools/bin/../lib/gcc/arm-atollic-eabi/5.3.1/armv7-m/crtn.o
 *(.fini)
 .fini          0x08003ba4        0x4 c:/program files/atollic/truestudio for arm 7.1.0/armtools/bin/../lib/gcc/arm-atollic-eabi/5.3.1/armv7-m/crti.o
                0x08003ba4                _fini
 .fini          0x08003ba8        0x8 c:/program files/atollic/truestudio for arm 7.1.0/armtools/bin/../lib/gcc/arm-atollic-eabi/5.3.1/armv7-m/crtn.o
                0x08003bb0                . = ALIGN (0x4)
                0x08003bb0                _etext = .

.vfp11_veneer   0x08003bb0        0x0
 .vfp11_veneer  0x08003bb0        0x0 linker stubs

.v4_bx          0x08003bb0        0x0
 .v4_bx         0x08003bb0        0x0 linker stubs

.iplt           0x08003bb0        0x0
 .iplt          0x08003bb0        0x0 c:/program files/atollic/truestudio for arm 7.1.0/armtools/bin/../lib/gcc/arm-atollic-eabi/5.3.1/armv7-m/crtbegin.o

.rodata         0x08003bb0      0x240
                0x08003bb0                . = ALIGN (0x4)
 *(.rodata)
 .rodata        0x08003bb0        0x5 FreeRTOS\src\tasks.o
 *fill*         0x08003bb5        0x3 
 .rodata        0x08003bb8       0x52 microrl\microrl.o
 *fill*         0x08003c0a        0x2 
 .rodata        0x08003c0c      0x1c8 microrl\microrl_func.o
 .rodata        0x08003dd4       0x1c src\main.o
 *(.rodata*)
                0x08003df0                . = ALIGN (0x4)

.rel.dyn        0x08003df0        0x0
 .rel.iplt      0x08003df0        0x0 c:/program files/atollic/truestudio for arm 7.1.0/armtools/bin/../lib/gcc/arm-atollic-eabi/5.3.1/armv7-m/crtbegin.o

.ARM.extab
 *(.ARM.extab* .gnu.linkonce.armextab.*)

.ARM            0x08003df0        0x0
                0x08003df0                __exidx_start = .
 *(.ARM.exidx*)
                0x08003df0                __exidx_end = .

.preinit_array  0x08003df0        0x0
                0x08003df0                PROVIDE (__preinit_array_start, .)
 *(.preinit_array*)
                0x08003df0                PROVIDE (__preinit_array_end, .)

.init_array     0x08003df0        0x4
                0x08003df0                PROVIDE (__init_array_start, .)
 *(SORT(.init_array.*))
 *(.init_array*)
 .init_array    0x08003df0        0x4 c:/program files/atollic/truestudio for arm 7.1.0/armtools/bin/../lib/gcc/arm-atollic-eabi/5.3.1/armv7-m/crtbegin.o
                0x08003df4                PROVIDE (__init_array_end, .)

.fini_array     0x08003df4        0x4
                [!provide]                PROVIDE (__fini_array_start, .)
 *(SORT(.fini_array.*))
 *(.fini_array*)
 .fini_array    0x08003df4        0x4 c:/program files/atollic/truestudio for arm 7.1.0/armtools/bin/../lib/gcc/arm-atollic-eabi/5.3.1/armv7-m/crtbegin.o
                [!provide]                PROVIDE (__fini_array_end, .)
                0x08003df8                _sidata = LOADADDR (.data)

.data           0x20000000       0x28 load address 0x08003df8
                0x20000000                . = ALIGN (0x4)
                0x20000000                _sdata = .
 *(.data)
 *(.data*)
 .data.uxCriticalNesting
                0x20000000        0x4 FreeRTOS\include\port.o
 .data.xFreeBytesRemaining
                0x20000004        0x4 FreeRTOS\src\heap_2.o
 .data.xNextTaskUnblockTime
                0x20000008        0x4 FreeRTOS\src\tasks.o
 .data.APBAHBPrescTable
                0x2000000c       0x10 Libraries\STM32F10x_StdPeriph_Driver\src\stm32f10x_rcc.o
 .data.ADCPrescTable
                0x2000001c        0x4 Libraries\STM32F10x_StdPeriph_Driver\src\stm32f10x_rcc.o
 .data.prompt_default
                0x20000020        0x4 microrl\microrl.o
                0x20000020                prompt_default
 .data.prl      0x20000024        0x4 microrl\microrl_func.o
                0x20000024                prl
                0x20000028                . = ALIGN (0x4)
                0x20000028                _edata = .

.igot.plt       0x20000028        0x0 load address 0x08003e20
 .igot.plt      0x20000028        0x0 c:/program files/atollic/truestudio for arm 7.1.0/armtools/bin/../lib/gcc/arm-atollic-eabi/5.3.1/armv7-m/crtbegin.o
                0x20000028                . = ALIGN (0x4)

.bss            0x20000028     0x1bc0 load address 0x08003e20
                0x20000028                _sbss = .
                0x20000028                __bss_start__ = _sbss
 *(.bss)
 .bss           0x20000028       0x1c c:/program files/atollic/truestudio for arm 7.1.0/armtools/bin/../lib/gcc/arm-atollic-eabi/5.3.1/armv7-m/crtbegin.o
 *(.bss*)
 .bss.ucHeap    0x20000044     0x1800 FreeRTOS\src\heap_2.o
 .bss.xStart    0x20001844        0x8 FreeRTOS\src\heap_2.o
 .bss.xEnd      0x2000184c        0x8 FreeRTOS\src\heap_2.o
 .bss.xHeapHasBeenInitialised.7448
                0x20001854        0x4 FreeRTOS\src\heap_2.o
 .bss.pxCurrentTCB
                0x20001858        0x4 FreeRTOS\src\tasks.o
                0x20001858                pxCurrentTCB
 .bss.pxReadyTasksLists
                0x2000185c       0x64 FreeRTOS\src\tasks.o
 .bss.xDelayedTaskList1
                0x200018c0       0x14 FreeRTOS\src\tasks.o
 .bss.xDelayedTaskList2
                0x200018d4       0x14 FreeRTOS\src\tasks.o
 .bss.pxDelayedTaskList
                0x200018e8        0x4 FreeRTOS\src\tasks.o
 .bss.pxOverflowDelayedTaskList
                0x200018ec        0x4 FreeRTOS\src\tasks.o
 .bss.xPendingReadyList
                0x200018f0       0x14 FreeRTOS\src\tasks.o
 .bss.xTasksWaitingTermination
                0x20001904       0x14 FreeRTOS\src\tasks.o
 .bss.uxTasksDeleted
                0x20001918        0x4 FreeRTOS\src\tasks.o
 .bss.xSuspendedTaskList
                0x2000191c       0x14 FreeRTOS\src\tasks.o
 .bss.uxCurrentNumberOfTasks
                0x20001930        0x4 FreeRTOS\src\tasks.o
 .bss.xTickCount
                0x20001934        0x4 FreeRTOS\src\tasks.o
 .bss.uxTopReadyPriority
                0x20001938        0x4 FreeRTOS\src\tasks.o
 .bss.xSchedulerRunning
                0x2000193c        0x4 FreeRTOS\src\tasks.o
 .bss.uxPendedTicks
                0x20001940        0x4 FreeRTOS\src\tasks.o
 .bss.xYieldPending
                0x20001944        0x4 FreeRTOS\src\tasks.o
 .bss.xNumOfOverflows
                0x20001948        0x4 FreeRTOS\src\tasks.o
 .bss.uxTaskNumber
                0x2000194c        0x4 FreeRTOS\src\tasks.o
 .bss.uxSchedulerSuspended
                0x20001950        0x4 FreeRTOS\src\tasks.o
 .bss.terminalFuncArrayIndex
                0x20001954        0x4 microrl\microrl_func.o
                0x20001954                terminalFuncArrayIndex
 .bss.compl_world.7111
                0x20001958       0x2c microrl\microrl_func.o
 *(COMMON)
 COMMON         0x20001984      0x14c microrl\microrl_func.o
                0x20001984                rl
                0x20001a58                terminalFuncArray
 COMMON         0x20001ad0      0x118 src\uart.o
                0x20001ad0                sTxRingBuf
                0x20001b58                xTxSemaphore
                0x20001b5c                xRxSemaphore
                0x20001b60                sRxRingBuf
                0x20001be8                . = ALIGN (0x4)
                0x20001be8                _ebss = .
                0x20001be8                __bss_end__ = _ebss

._user_heap_stack
                0x20001be8      0x200 load address 0x08003e20
                0x20001be8                . = ALIGN (0x4)
                [!provide]                PROVIDE (end, .)
                [!provide]                PROVIDE (_end, .)
                0x20001be8                . = (. + _Min_Heap_Size)
                0x20001de8                . = (. + _Min_Stack_Size)
 *fill*         0x20001be8      0x200 
                0x20001de8                . = ALIGN (0x4)

.memory_b1_text
 *(.mb1text)
 *(.mb1text*)
 *(.mb1rodata)
 *(.mb1rodata*)

/DISCARD/
 libc.a(*)
 libm.a(*)
 libgcc.a(*)

.ARM.attributes
                0x00000000       0x29
 *(.ARM.attributes)
 .ARM.attributes
                0x00000000       0x1d c:/program files/atollic/truestudio for arm 7.1.0/armtools/bin/../lib/gcc/arm-atollic-eabi/5.3.1/armv7-m/crti.o
 .ARM.attributes
                0x0000001d       0x2d c:/program files/atollic/truestudio for arm 7.1.0/armtools/bin/../lib/gcc/arm-atollic-eabi/5.3.1/armv7-m/crtbegin.o
 .ARM.attributes
                0x0000004a       0x33 FreeRTOS\include\port.o
 .ARM.attributes
                0x0000007d       0x33 FreeRTOS\src\heap_2.o
 .ARM.attributes
                0x000000b0       0x33 FreeRTOS\src\list.o
 .ARM.attributes
                0x000000e3       0x33 FreeRTOS\src\queue.o
 .ARM.attributes
                0x00000116       0x33 FreeRTOS\src\tasks.o
 .ARM.attributes
                0x00000149       0x33 Libraries\STM32F10x_StdPeriph_Driver\src\stm32f10x_gpio.o
 .ARM.attributes
                0x0000017c       0x33 Libraries\STM32F10x_StdPeriph_Driver\src\stm32f10x_rcc.o
 .ARM.attributes
                0x000001af       0x33 Libraries\STM32F10x_StdPeriph_Driver\src\stm32f10x_usart.o
 .ARM.attributes
                0x000001e2       0x33 microrl\microrl.o
 .ARM.attributes
                0x00000215       0x33 microrl\microrl_func.o
 .ARM.attributes
                0x00000248       0x33 src\main.o
 .ARM.attributes
                0x0000027b       0x21 src\startup_stm32f10x_hd.o
 .ARM.attributes
                0x0000029c       0x33 src\system_stm32f10x.o
 .ARM.attributes
                0x000002cf       0x33 src\uart.o
 .ARM.attributes
                0x00000302       0x2d c:/program files/atollic/truestudio for arm 7.1.0/armtools/bin/../lib/gcc/arm-atollic-eabi/5.3.1/../../../../arm-atollic-eabi/lib/armv7-m\libc.a(lib_a-init.o)
 .ARM.attributes
                0x0000032f       0x2d c:/program files/atollic/truestudio for arm 7.1.0/armtools/bin/../lib/gcc/arm-atollic-eabi/5.3.1/../../../../arm-atollic-eabi/lib/armv7-m\libc.a(lib_a-memcpy-stub.o)
 .ARM.attributes
                0x0000035c       0x2d c:/program files/atollic/truestudio for arm 7.1.0/armtools/bin/../lib/gcc/arm-atollic-eabi/5.3.1/../../../../arm-atollic-eabi/lib/armv7-m\libc.a(lib_a-memmove.o)
 .ARM.attributes
                0x00000389       0x2d c:/program files/atollic/truestudio for arm 7.1.0/armtools/bin/../lib/gcc/arm-atollic-eabi/5.3.1/../../../../arm-atollic-eabi/lib/armv7-m\libc.a(lib_a-memset.o)
 .ARM.attributes
                0x000003b6       0x1b c:/program files/atollic/truestudio for arm 7.1.0/armtools/bin/../lib/gcc/arm-atollic-eabi/5.3.1/../../../../arm-atollic-eabi/lib/armv7-m\libc.a(lib_a-strcmp.o)
 .ARM.attributes
                0x000003d1       0x17 c:/program files/atollic/truestudio for arm 7.1.0/armtools/bin/../lib/gcc/arm-atollic-eabi/5.3.1/../../../../arm-atollic-eabi/lib/armv7-m\libc.a(lib_a-strlen.o)
 .ARM.attributes
                0x000003e8       0x2d c:/program files/atollic/truestudio for arm 7.1.0/armtools/bin/../lib/gcc/arm-atollic-eabi/5.3.1/../../../../arm-atollic-eabi/lib/armv7-m\libc.a(lib_a-strstr.o)
 .ARM.attributes
                0x00000415       0x1d c:/program files/atollic/truestudio for arm 7.1.0/armtools/bin/../lib/gcc/arm-atollic-eabi/5.3.1/armv7-m/crtn.o
OUTPUT(Console2.elf elf32-littlearm)

.debug_info     0x00000000     0x5bd5
 .debug_info    0x00000000      0x266 FreeRTOS\include\port.o
 .debug_info    0x00000266      0x308 FreeRTOS\src\heap_2.o
 .debug_info    0x0000056e      0x2cf FreeRTOS\src\list.o
 .debug_info    0x0000083d      0xa16 FreeRTOS\src\queue.o
 .debug_info    0x00001253      0xe8e FreeRTOS\src\tasks.o
 .debug_info    0x000020e1      0x6fa Libraries\STM32F10x_StdPeriph_Driver\src\stm32f10x_gpio.o
 .debug_info    0x000027db      0x8a7 Libraries\STM32F10x_StdPeriph_Driver\src\stm32f10x_rcc.o
 .debug_info    0x00003082      0x9f4 Libraries\STM32F10x_StdPeriph_Driver\src\stm32f10x_usart.o
 .debug_info    0x00003a76      0x90a microrl\microrl.o
 .debug_info    0x00004380      0x78a microrl\microrl_func.o
 .debug_info    0x00004b0a      0x35e src\main.o
 .debug_info    0x00004e68       0x68 src\startup_stm32f10x_hd.o
 .debug_info    0x00004ed0      0x4a0 src\system_stm32f10x.o
 .debug_info    0x00005370      0x865 src\uart.o

.debug_abbrev   0x00000000     0x1585
 .debug_abbrev  0x00000000      0x17a FreeRTOS\include\port.o
 .debug_abbrev  0x0000017a      0x16a FreeRTOS\src\heap_2.o
 .debug_abbrev  0x000002e4       0xd8 FreeRTOS\src\list.o
 .debug_abbrev  0x000003bc      0x17f FreeRTOS\src\queue.o
 .debug_abbrev  0x0000053b      0x216 FreeRTOS\src\tasks.o
 .debug_abbrev  0x00000751      0x1ce Libraries\STM32F10x_StdPeriph_Driver\src\stm32f10x_gpio.o
 .debug_abbrev  0x0000091f      0x1be Libraries\STM32F10x_StdPeriph_Driver\src\stm32f10x_rcc.o
 .debug_abbrev  0x00000add      0x166 Libraries\STM32F10x_StdPeriph_Driver\src\stm32f10x_usart.o
 .debug_abbrev  0x00000c43      0x227 microrl\microrl.o
 .debug_abbrev  0x00000e6a      0x24f microrl\microrl_func.o
 .debug_abbrev  0x000010b9      0x157 src\main.o
 .debug_abbrev  0x00001210       0x12 src\startup_stm32f10x_hd.o
 .debug_abbrev  0x00001222      0x150 src\system_stm32f10x.o
 .debug_abbrev  0x00001372      0x213 src\uart.o

.debug_aranges  0x00000000      0x840
 .debug_aranges
                0x00000000       0x88 FreeRTOS\include\port.o
 .debug_aranges
                0x00000088       0x40 FreeRTOS\src\heap_2.o
 .debug_aranges
                0x000000c8       0x40 FreeRTOS\src\list.o
 .debug_aranges
                0x00000108       0xc8 FreeRTOS\src\queue.o
 .debug_aranges
                0x000001d0      0x148 FreeRTOS\src\tasks.o
 .debug_aranges
                0x00000318       0xa8 Libraries\STM32F10x_StdPeriph_Driver\src\stm32f10x_gpio.o
 .debug_aranges
                0x000003c0      0x118 Libraries\STM32F10x_StdPeriph_Driver\src\stm32f10x_rcc.o
 .debug_aranges
                0x000004d8      0x100 Libraries\STM32F10x_StdPeriph_Driver\src\stm32f10x_usart.o
 .debug_aranges
                0x000005d8       0xd8 microrl\microrl.o
 .debug_aranges
                0x000006b0       0xa0 microrl\microrl_func.o
 .debug_aranges
                0x00000750       0x38 src\main.o
 .debug_aranges
                0x00000788       0x28 src\startup_stm32f10x_hd.o
 .debug_aranges
                0x000007b0       0x38 src\system_stm32f10x.o
 .debug_aranges
                0x000007e8       0x58 src\uart.o

.debug_ranges   0x00000000      0x768
 .debug_ranges  0x00000000       0x78 FreeRTOS\include\port.o
 .debug_ranges  0x00000078       0x30 FreeRTOS\src\heap_2.o
 .debug_ranges  0x000000a8       0x30 FreeRTOS\src\list.o
 .debug_ranges  0x000000d8       0xb8 FreeRTOS\src\queue.o
 .debug_ranges  0x00000190      0x138 FreeRTOS\src\tasks.o
 .debug_ranges  0x000002c8       0x98 Libraries\STM32F10x_StdPeriph_Driver\src\stm32f10x_gpio.o
 .debug_ranges  0x00000360      0x108 Libraries\STM32F10x_StdPeriph_Driver\src\stm32f10x_rcc.o
 .debug_ranges  0x00000468       0xf0 Libraries\STM32F10x_StdPeriph_Driver\src\stm32f10x_usart.o
 .debug_ranges  0x00000558       0xc8 microrl\microrl.o
 .debug_ranges  0x00000620       0x90 microrl\microrl_func.o
 .debug_ranges  0x000006b0       0x28 src\main.o
 .debug_ranges  0x000006d8       0x20 src\startup_stm32f10x_hd.o
 .debug_ranges  0x000006f8       0x28 src\system_stm32f10x.o
 .debug_ranges  0x00000720       0x48 src\uart.o

.debug_line     0x00000000     0x2fe9
 .debug_line    0x00000000      0x281 FreeRTOS\include\port.o
 .debug_line    0x00000281      0x283 FreeRTOS\src\heap_2.o
 .debug_line    0x00000504      0x1e6 FreeRTOS\src\list.o
 .debug_line    0x000006ea      0x4ea FreeRTOS\src\queue.o
 .debug_line    0x00000bd4      0x85c FreeRTOS\src\tasks.o
 .debug_line    0x00001430      0x3c3 Libraries\STM32F10x_StdPeriph_Driver\src\stm32f10x_gpio.o
 .debug_line    0x000017f3      0x4be Libraries\STM32F10x_StdPeriph_Driver\src\stm32f10x_rcc.o
 .debug_line    0x00001cb1      0x4a5 Libraries\STM32F10x_StdPeriph_Driver\src\stm32f10x_usart.o
 .debug_line    0x00002156      0x3aa microrl\microrl.o
 .debug_line    0x00002500      0x332 microrl\microrl_func.o
 .debug_line    0x00002832      0x248 src\main.o
 .debug_line    0x00002a7a       0x7c src\startup_stm32f10x_hd.o
 .debug_line    0x00002af6      0x224 src\system_stm32f10x.o
 .debug_line    0x00002d1a      0x2cf src\uart.o

.debug_str      0x00000000     0x27ab
 .debug_str     0x00000000      0x2e7 FreeRTOS\include\port.o
                                0x33c (size before relaxing)
 .debug_str     0x000002e7      0x174 FreeRTOS\src\heap_2.o
                                0x32c (size before relaxing)
 .debug_str     0x0000045b      0x129 FreeRTOS\src\list.o
                                0x2f2 (size before relaxing)
 .debug_str     0x00000584      0x3f0 FreeRTOS\src\queue.o
                                0x698 (size before relaxing)
 .debug_str     0x00000974      0x707 FreeRTOS\src\tasks.o
                                0xa20 (size before relaxing)
 .debug_str     0x0000107b      0x3ba Libraries\STM32F10x_StdPeriph_Driver\src\stm32f10x_gpio.o
                                0x56b (size before relaxing)
 .debug_str     0x00001435      0x44d Libraries\STM32F10x_StdPeriph_Driver\src\stm32f10x_rcc.o
                                0x66c (size before relaxing)
 .debug_str     0x00001882      0x466 Libraries\STM32F10x_StdPeriph_Driver\src\stm32f10x_usart.o
                                0x6e2 (size before relaxing)
 .debug_str     0x00001ce8      0x2a9 microrl\microrl.o
                                0x439 (size before relaxing)
 .debug_str     0x00001f91      0x23a microrl\microrl_func.o
                                0x480 (size before relaxing)
 .debug_str     0x000021cb       0x76 src\main.o
                                0x394 (size before relaxing)
 .debug_str     0x00002241       0x8b src\system_stm32f10x.o
                                0x31d (size before relaxing)
 .debug_str     0x000022cc      0x4df src\uart.o
                                0x8ed (size before relaxing)

.comment        0x00000000       0x7e
 .comment       0x00000000       0x7e FreeRTOS\include\port.o
                                 0x7f (size before relaxing)
 .comment       0x0000007e       0x7f FreeRTOS\src\heap_2.o
 .comment       0x0000007e       0x7f FreeRTOS\src\list.o
 .comment       0x0000007e       0x7f FreeRTOS\src\queue.o
 .comment       0x0000007e       0x7f FreeRTOS\src\tasks.o
 .comment       0x0000007e       0x7f Libraries\STM32F10x_StdPeriph_Driver\src\stm32f10x_gpio.o
 .comment       0x0000007e       0x7f Libraries\STM32F10x_StdPeriph_Driver\src\stm32f10x_rcc.o
 .comment       0x0000007e       0x7f Libraries\STM32F10x_StdPeriph_Driver\src\stm32f10x_usart.o
 .comment       0x0000007e       0x7f microrl\microrl.o
 .comment       0x0000007e       0x7f microrl\microrl_func.o
 .comment       0x0000007e       0x7f src\main.o
 .comment       0x0000007e       0x7f src\system_stm32f10x.o
 .comment       0x0000007e       0x7f src\uart.o

.debug_frame    0x00000000     0x2138
 .debug_frame   0x00000000      0x174 FreeRTOS\include\port.o
 .debug_frame   0x00000174       0xc0 FreeRTOS\src\heap_2.o
 .debug_frame   0x00000234       0xd8 FreeRTOS\src\list.o
 .debug_frame   0x0000030c      0x33c FreeRTOS\src\queue.o
 .debug_frame   0x00000648      0x56c FreeRTOS\src\tasks.o
 .debug_frame   0x00000bb4      0x2d0 Libraries\STM32F10x_StdPeriph_Driver\src\stm32f10x_gpio.o
 .debug_frame   0x00000e84      0x4f4 Libraries\STM32F10x_StdPeriph_Driver\src\stm32f10x_rcc.o
 .debug_frame   0x00001378      0x490 Libraries\STM32F10x_StdPeriph_Driver\src\stm32f10x_usart.o
 .debug_frame   0x00001808      0x39c microrl\microrl.o
 .debug_frame   0x00001ba4      0x248 microrl\microrl_func.o
 .debug_frame   0x00001dec       0x94 src\main.o
 .debug_frame   0x00001e80       0x98 src\system_stm32f10x.o
 .debug_frame   0x00001f18      0x134 src\uart.o
 .debug_frame   0x0000204c       0x2c c:/program files/atollic/truestudio for arm 7.1.0/armtools/bin/../lib/gcc/arm-atollic-eabi/5.3.1/../../../../arm-atollic-eabi/lib/armv7-m\libc.a(lib_a-init.o)
 .debug_frame   0x00002078       0x28 c:/program files/atollic/truestudio for arm 7.1.0/armtools/bin/../lib/gcc/arm-atollic-eabi/5.3.1/../../../../arm-atollic-eabi/lib/armv7-m\libc.a(lib_a-memcpy-stub.o)
 .debug_frame   0x000020a0       0x28 c:/program files/atollic/truestudio for arm 7.1.0/armtools/bin/../lib/gcc/arm-atollic-eabi/5.3.1/../../../../arm-atollic-eabi/lib/armv7-m\libc.a(lib_a-memmove.o)
 .debug_frame   0x000020c8       0x20 c:/program files/atollic/truestudio for arm 7.1.0/armtools/bin/../lib/gcc/arm-atollic-eabi/5.3.1/../../../../arm-atollic-eabi/lib/armv7-m\libc.a(lib_a-memset.o)
 .debug_frame   0x000020e8       0x20 c:/program files/atollic/truestudio for arm 7.1.0/armtools/bin/../lib/gcc/arm-atollic-eabi/5.3.1/../../../../arm-atollic-eabi/lib/armv7-m\libc.a(lib_a-strcmp.o)
 .debug_frame   0x00002108       0x30 c:/program files/atollic/truestudio for arm 7.1.0/armtools/bin/../lib/gcc/arm-atollic-eabi/5.3.1/../../../../arm-atollic-eabi/lib/armv7-m\libc.a(lib_a-strstr.o)

Cross Reference Table

Symbol                                            File
ADC1_2_IRQHandler                                 src\startup_stm32f10x_hd.o
ADC3_IRQHandler                                   src\startup_stm32f10x_hd.o
ADC_AnalogWatchdogCmd                             Libraries\STM32F10x_StdPeriph_Driver\src\stm32f10x_adc.o
ADC_AnalogWatchdogSingleChannelConfig             Libraries\STM32F10x_StdPeriph_Driver\src\stm32f10x_adc.o
ADC_AnalogWatchdogThresholdsConfig                Libraries\STM32F10x_StdPeriph_Driver\src\stm32f10x_adc.o
ADC_AutoInjectedConvCmd                           Libraries\STM32F10x_StdPeriph_Driver\src\stm32f10x_adc.o
ADC_ClearFlag                                     Libraries\STM32F10x_StdPeriph_Driver\src\stm32f10x_adc.o
ADC_ClearITPendingBit                             Libraries\STM32F10x_StdPeriph_Driver\src\stm32f10x_adc.o
ADC_Cmd                                           Libraries\STM32F10x_StdPeriph_Driver\src\stm32f10x_adc.o
ADC_DMACmd                                        Libraries\STM32F10x_StdPeriph_Driver\src\stm32f10x_adc.o
ADC_DeInit                                        Libraries\STM32F10x_StdPeriph_Driver\src\stm32f10x_adc.o
ADC_DiscModeChannelCountConfig                    Libraries\STM32F10x_StdPeriph_Driver\src\stm32f10x_adc.o
ADC_DiscModeCmd                                   Libraries\STM32F10x_StdPeriph_Driver\src\stm32f10x_adc.o
ADC_ExternalTrigConvCmd                           Libraries\STM32F10x_StdPeriph_Driver\src\stm32f10x_adc.o
ADC_ExternalTrigInjectedConvCmd                   Libraries\STM32F10x_StdPeriph_Driver\src\stm32f10x_adc.o
ADC_ExternalTrigInjectedConvConfig                Libraries\STM32F10x_StdPeriph_Driver\src\stm32f10x_adc.o
ADC_GetCalibrationStatus                          Libraries\STM32F10x_StdPeriph_Driver\src\stm32f10x_adc.o
ADC_GetConversionValue                            Libraries\STM32F10x_StdPeriph_Driver\src\stm32f10x_adc.o
ADC_GetDualModeConversionValue                    Libraries\STM32F10x_StdPeriph_Driver\src\stm32f10x_adc.o
ADC_GetFlagStatus                                 Libraries\STM32F10x_StdPeriph_Driver\src\stm32f10x_adc.o
ADC_GetITStatus                                   Libraries\STM32F10x_StdPeriph_Driver\src\stm32f10x_adc.o
ADC_GetInjectedConversionValue                    Libraries\STM32F10x_StdPeriph_Driver\src\stm32f10x_adc.o
ADC_GetResetCalibrationStatus                     Libraries\STM32F10x_StdPeriph_Driver\src\stm32f10x_adc.o
ADC_GetSoftwareStartConvStatus                    Libraries\STM32F10x_StdPeriph_Driver\src\stm32f10x_adc.o
ADC_GetSoftwareStartInjectedConvCmdStatus         Libraries\STM32F10x_StdPeriph_Driver\src\stm32f10x_adc.o
ADC_ITConfig                                      Libraries\STM32F10x_StdPeriph_Driver\src\stm32f10x_adc.o
ADC_Init                                          Libraries\STM32F10x_StdPeriph_Driver\src\stm32f10x_adc.o
ADC_InjectedChannelConfig                         Libraries\STM32F10x_StdPeriph_Driver\src\stm32f10x_adc.o
ADC_InjectedDiscModeCmd                           Libraries\STM32F10x_StdPeriph_Driver\src\stm32f10x_adc.o
ADC_InjectedSequencerLengthConfig                 Libraries\STM32F10x_StdPeriph_Driver\src\stm32f10x_adc.o
ADC_RegularChannelConfig                          Libraries\STM32F10x_StdPeriph_Driver\src\stm32f10x_adc.o
ADC_ResetCalibration                              Libraries\STM32F10x_StdPeriph_Driver\src\stm32f10x_adc.o
ADC_SetInjectedOffset                             Libraries\STM32F10x_StdPeriph_Driver\src\stm32f10x_adc.o
ADC_SoftwareStartConvCmd                          Libraries\STM32F10x_StdPeriph_Driver\src\stm32f10x_adc.o
ADC_SoftwareStartInjectedConvCmd                  Libraries\STM32F10x_StdPeriph_Driver\src\stm32f10x_adc.o
ADC_StartCalibration                              Libraries\STM32F10x_StdPeriph_Driver\src\stm32f10x_adc.o
ADC_StructInit                                    Libraries\STM32F10x_StdPeriph_Driver\src\stm32f10x_adc.o
ADC_TempSensorVrefintCmd                          Libraries\STM32F10x_StdPeriph_Driver\src\stm32f10x_adc.o
AHBPrescTable                                     src\system_stm32f10x.o
BKP_ClearFlag                                     Libraries\STM32F10x_StdPeriph_Driver\src\stm32f10x_bkp.o
BKP_ClearITPendingBit                             Libraries\STM32F10x_StdPeriph_Driver\src\stm32f10x_bkp.o
BKP_DeInit                                        Libraries\STM32F10x_StdPeriph_Driver\src\stm32f10x_bkp.o
BKP_GetFlagStatus                                 Libraries\STM32F10x_StdPeriph_Driver\src\stm32f10x_bkp.o
BKP_GetITStatus                                   Libraries\STM32F10x_StdPeriph_Driver\src\stm32f10x_bkp.o
BKP_ITConfig                                      Libraries\STM32F10x_StdPeriph_Driver\src\stm32f10x_bkp.o
BKP_RTCOutputConfig                               Libraries\STM32F10x_StdPeriph_Driver\src\stm32f10x_bkp.o
BKP_ReadBackupRegister                            Libraries\STM32F10x_StdPeriph_Driver\src\stm32f10x_bkp.o
BKP_SetRTCCalibrationValue                        Libraries\STM32F10x_StdPeriph_Driver\src\stm32f10x_bkp.o
BKP_TamperPinCmd                                  Libraries\STM32F10x_StdPeriph_Driver\src\stm32f10x_bkp.o
BKP_TamperPinLevelConfig                          Libraries\STM32F10x_StdPeriph_Driver\src\stm32f10x_bkp.o
BKP_WriteBackupRegister                           Libraries\STM32F10x_StdPeriph_Driver\src\stm32f10x_bkp.o
BusFault_Handler                                  src\startup_stm32f10x_hd.o
CAN1_RX1_IRQHandler                               src\startup_stm32f10x_hd.o
CAN1_SCE_IRQHandler                               src\startup_stm32f10x_hd.o
CAN_CancelTransmit                                Libraries\STM32F10x_StdPeriph_Driver\src\stm32f10x_can.o
CAN_ClearFlag                                     Libraries\STM32F10x_StdPeriph_Driver\src\stm32f10x_can.o
CAN_ClearITPendingBit                             Libraries\STM32F10x_StdPeriph_Driver\src\stm32f10x_can.o
CAN_DBGFreeze                                     Libraries\STM32F10x_StdPeriph_Driver\src\stm32f10x_can.o
CAN_DeInit                                        Libraries\STM32F10x_StdPeriph_Driver\src\stm32f10x_can.o
CAN_FIFORelease                                   Libraries\STM32F10x_StdPeriph_Driver\src\stm32f10x_can.o
CAN_FilterInit                                    Libraries\STM32F10x_StdPeriph_Driver\src\stm32f10x_can.o
CAN_GetFlagStatus                                 Libraries\STM32F10x_StdPeriph_Driver\src\stm32f10x_can.o
CAN_GetITStatus                                   Libraries\STM32F10x_StdPeriph_Driver\src\stm32f10x_can.o
CAN_GetLSBTransmitErrorCounter                    Libraries\STM32F10x_StdPeriph_Driver\src\stm32f10x_can.o
CAN_GetLastErrorCode                              Libraries\STM32F10x_StdPeriph_Driver\src\stm32f10x_can.o
CAN_GetReceiveErrorCounter                        Libraries\STM32F10x_StdPeriph_Driver\src\stm32f10x_can.o
CAN_ITConfig                                      Libraries\STM32F10x_StdPeriph_Driver\src\stm32f10x_can.o
CAN_Init                                          Libraries\STM32F10x_StdPeriph_Driver\src\stm32f10x_can.o
CAN_MessagePending                                Libraries\STM32F10x_StdPeriph_Driver\src\stm32f10x_can.o
CAN_OperatingModeRequest                          Libraries\STM32F10x_StdPeriph_Driver\src\stm32f10x_can.o
CAN_Receive                                       Libraries\STM32F10x_StdPeriph_Driver\src\stm32f10x_can.o
CAN_SlaveStartBank                                Libraries\STM32F10x_StdPeriph_Driver\src\stm32f10x_can.o
CAN_Sleep                                         Libraries\STM32F10x_StdPeriph_Driver\src\stm32f10x_can.o
CAN_StructInit                                    Libraries\STM32F10x_StdPeriph_Driver\src\stm32f10x_can.o
CAN_TTComModeCmd                                  Libraries\STM32F10x_StdPeriph_Driver\src\stm32f10x_can.o
CAN_Transmit                                      Libraries\STM32F10x_StdPeriph_Driver\src\stm32f10x_can.o
CAN_TransmitStatus                                Libraries\STM32F10x_StdPeriph_Driver\src\stm32f10x_can.o
CAN_WakeUp                                        Libraries\STM32F10x_StdPeriph_Driver\src\stm32f10x_can.o
CEC_ClearFlag                                     Libraries\STM32F10x_StdPeriph_Driver\src\stm32f10x_cec.o
CEC_ClearITPendingBit                             Libraries\STM32F10x_StdPeriph_Driver\src\stm32f10x_cec.o
CEC_Cmd                                           Libraries\STM32F10x_StdPeriph_Driver\src\stm32f10x_cec.o
CEC_DeInit                                        Libraries\STM32F10x_StdPeriph_Driver\src\stm32f10x_cec.o
CEC_EndOfMessageCmd                               Libraries\STM32F10x_StdPeriph_Driver\src\stm32f10x_cec.o
CEC_GetFlagStatus                                 Libraries\STM32F10x_StdPeriph_Driver\src\stm32f10x_cec.o
CEC_GetITStatus                                   Libraries\STM32F10x_StdPeriph_Driver\src\stm32f10x_cec.o
CEC_ITConfig                                      Libraries\STM32F10x_StdPeriph_Driver\src\stm32f10x_cec.o
CEC_Init                                          Libraries\STM32F10x_StdPeriph_Driver\src\stm32f10x_cec.o
CEC_OwnAddressConfig                              Libraries\STM32F10x_StdPeriph_Driver\src\stm32f10x_cec.o
CEC_ReceiveDataByte                               Libraries\STM32F10x_StdPeriph_Driver\src\stm32f10x_cec.o
CEC_SendDataByte                                  Libraries\STM32F10x_StdPeriph_Driver\src\stm32f10x_cec.o
CEC_SetPrescaler                                  Libraries\STM32F10x_StdPeriph_Driver\src\stm32f10x_cec.o
CEC_StartOfMessage                                Libraries\STM32F10x_StdPeriph_Driver\src\stm32f10x_cec.o
CRC_CalcBlockCRC                                  Libraries\STM32F10x_StdPeriph_Driver\src\stm32f10x_crc.o
CRC_CalcCRC                                       Libraries\STM32F10x_StdPeriph_Driver\src\stm32f10x_crc.o
CRC_GetCRC                                        Libraries\STM32F10x_StdPeriph_Driver\src\stm32f10x_crc.o
CRC_GetIDRegister                                 Libraries\STM32F10x_StdPeriph_Driver\src\stm32f10x_crc.o
CRC_ResetDR                                       Libraries\STM32F10x_StdPeriph_Driver\src\stm32f10x_crc.o
CRC_SetIDRegister                                 Libraries\STM32F10x_StdPeriph_Driver\src\stm32f10x_crc.o
DAC_Cmd                                           Libraries\STM32F10x_StdPeriph_Driver\src\stm32f10x_dac.o
DAC_DMACmd                                        Libraries\STM32F10x_StdPeriph_Driver\src\stm32f10x_dac.o
DAC_DeInit                                        Libraries\STM32F10x_StdPeriph_Driver\src\stm32f10x_dac.o
DAC_DualSoftwareTriggerCmd                        Libraries\STM32F10x_StdPeriph_Driver\src\stm32f10x_dac.o
DAC_GetDataOutputValue                            Libraries\STM32F10x_StdPeriph_Driver\src\stm32f10x_dac.o
DAC_Init                                          Libraries\STM32F10x_StdPeriph_Driver\src\stm32f10x_dac.o
DAC_SetChannel1Data                               Libraries\STM32F10x_StdPeriph_Driver\src\stm32f10x_dac.o
DAC_SetChannel2Data                               Libraries\STM32F10x_StdPeriph_Driver\src\stm32f10x_dac.o
DAC_SetDualChannelData                            Libraries\STM32F10x_StdPeriph_Driver\src\stm32f10x_dac.o
DAC_SoftwareTriggerCmd                            Libraries\STM32F10x_StdPeriph_Driver\src\stm32f10x_dac.o
DAC_StructInit                                    Libraries\STM32F10x_StdPeriph_Driver\src\stm32f10x_dac.o
DAC_WaveGenerationCmd                             Libraries\STM32F10x_StdPeriph_Driver\src\stm32f10x_dac.o
DBGMCU_Config                                     Libraries\STM32F10x_StdPeriph_Driver\src\stm32f10x_dbgmcu.o
DBGMCU_GetDEVID                                   Libraries\STM32F10x_StdPeriph_Driver\src\stm32f10x_dbgmcu.o
DBGMCU_GetREVID                                   Libraries\STM32F10x_StdPeriph_Driver\src\stm32f10x_dbgmcu.o
DMA1_Channel1_IRQHandler                          src\startup_stm32f10x_hd.o
DMA1_Channel2_IRQHandler                          src\startup_stm32f10x_hd.o
DMA1_Channel3_IRQHandler                          src\startup_stm32f10x_hd.o
DMA1_Channel4_IRQHandler                          src\startup_stm32f10x_hd.o
DMA1_Channel5_IRQHandler                          src\startup_stm32f10x_hd.o
DMA1_Channel6_IRQHandler                          src\startup_stm32f10x_hd.o
DMA1_Channel7_IRQHandler                          src\startup_stm32f10x_hd.o
DMA2_Channel1_IRQHandler                          src\startup_stm32f10x_hd.o
DMA2_Channel2_IRQHandler                          src\startup_stm32f10x_hd.o
DMA2_Channel3_IRQHandler                          src\startup_stm32f10x_hd.o
DMA2_Channel4_5_IRQHandler                        src\startup_stm32f10x_hd.o
DMA_ClearFlag                                     Libraries\STM32F10x_StdPeriph_Driver\src\stm32f10x_dma.o
DMA_ClearITPendingBit                             Libraries\STM32F10x_StdPeriph_Driver\src\stm32f10x_dma.o
DMA_Cmd                                           Libraries\STM32F10x_StdPeriph_Driver\src\stm32f10x_dma.o
DMA_DeInit                                        Libraries\STM32F10x_StdPeriph_Driver\src\stm32f10x_dma.o
DMA_GetCurrDataCounter                            Libraries\STM32F10x_StdPeriph_Driver\src\stm32f10x_dma.o
DMA_GetFlagStatus                                 Libraries\STM32F10x_StdPeriph_Driver\src\stm32f10x_dma.o
DMA_GetITStatus                                   Libraries\STM32F10x_StdPeriph_Driver\src\stm32f10x_dma.o
DMA_ITConfig                                      Libraries\STM32F10x_StdPeriph_Driver\src\stm32f10x_dma.o
DMA_Init                                          Libraries\STM32F10x_StdPeriph_Driver\src\stm32f10x_dma.o
DMA_SetCurrDataCounter                            Libraries\STM32F10x_StdPeriph_Driver\src\stm32f10x_dma.o
DMA_StructInit                                    Libraries\STM32F10x_StdPeriph_Driver\src\stm32f10x_dma.o
DebugMon_Handler                                  src\startup_stm32f10x_hd.o
Default_Handler                                   src\startup_stm32f10x_hd.o
EXTI0_IRQHandler                                  src\startup_stm32f10x_hd.o
EXTI15_10_IRQHandler                              src\startup_stm32f10x_hd.o
EXTI1_IRQHandler                                  src\startup_stm32f10x_hd.o
EXTI2_IRQHandler                                  src\startup_stm32f10x_hd.o
EXTI3_IRQHandler                                  src\startup_stm32f10x_hd.o
EXTI4_IRQHandler                                  src\startup_stm32f10x_hd.o
EXTI9_5_IRQHandler                                src\startup_stm32f10x_hd.o
EXTI_ClearFlag                                    Libraries\STM32F10x_StdPeriph_Driver\src\stm32f10x_exti.o
EXTI_ClearITPendingBit                            Libraries\STM32F10x_StdPeriph_Driver\src\stm32f10x_exti.o
EXTI_DeInit                                       Libraries\STM32F10x_StdPeriph_Driver\src\stm32f10x_exti.o
EXTI_GenerateSWInterrupt                          Libraries\STM32F10x_StdPeriph_Driver\src\stm32f10x_exti.o
EXTI_GetFlagStatus                                Libraries\STM32F10x_StdPeriph_Driver\src\stm32f10x_exti.o
EXTI_GetITStatus                                  Libraries\STM32F10x_StdPeriph_Driver\src\stm32f10x_exti.o
EXTI_Init                                         Libraries\STM32F10x_StdPeriph_Driver\src\stm32f10x_exti.o
EXTI_StructInit                                   Libraries\STM32F10x_StdPeriph_Driver\src\stm32f10x_exti.o
FLASH_ClearFlag                                   Libraries\STM32F10x_StdPeriph_Driver\src\stm32f10x_flash.o
FLASH_EnableWriteProtection                       Libraries\STM32F10x_StdPeriph_Driver\src\stm32f10x_flash.o
FLASH_EraseAllBank1Pages                          Libraries\STM32F10x_StdPeriph_Driver\src\stm32f10x_flash.o
FLASH_EraseAllPages                               Libraries\STM32F10x_StdPeriph_Driver\src\stm32f10x_flash.o
FLASH_EraseOptionBytes                            Libraries\STM32F10x_StdPeriph_Driver\src\stm32f10x_flash.o
FLASH_ErasePage                                   Libraries\STM32F10x_StdPeriph_Driver\src\stm32f10x_flash.o
FLASH_GetBank1Status                              Libraries\STM32F10x_StdPeriph_Driver\src\stm32f10x_flash.o
FLASH_GetFlagStatus                               Libraries\STM32F10x_StdPeriph_Driver\src\stm32f10x_flash.o
FLASH_GetPrefetchBufferStatus                     Libraries\STM32F10x_StdPeriph_Driver\src\stm32f10x_flash.o
FLASH_GetReadOutProtectionStatus                  Libraries\STM32F10x_StdPeriph_Driver\src\stm32f10x_flash.o
FLASH_GetStatus                                   Libraries\STM32F10x_StdPeriph_Driver\src\stm32f10x_flash.o
FLASH_GetUserOptionByte                           Libraries\STM32F10x_StdPeriph_Driver\src\stm32f10x_flash.o
FLASH_GetWriteProtectionOptionByte                Libraries\STM32F10x_StdPeriph_Driver\src\stm32f10x_flash.o
FLASH_HalfCycleAccessCmd                          Libraries\STM32F10x_StdPeriph_Driver\src\stm32f10x_flash.o
FLASH_IRQHandler                                  src\startup_stm32f10x_hd.o
FLASH_ITConfig                                    Libraries\STM32F10x_StdPeriph_Driver\src\stm32f10x_flash.o
FLASH_Lock                                        Libraries\STM32F10x_StdPeriph_Driver\src\stm32f10x_flash.o
FLASH_LockBank1                                   Libraries\STM32F10x_StdPeriph_Driver\src\stm32f10x_flash.o
FLASH_PrefetchBufferCmd                           Libraries\STM32F10x_StdPeriph_Driver\src\stm32f10x_flash.o
FLASH_ProgramHalfWord                             Libraries\STM32F10x_StdPeriph_Driver\src\stm32f10x_flash.o
FLASH_ProgramOptionByteData                       Libraries\STM32F10x_StdPeriph_Driver\src\stm32f10x_flash.o
FLASH_ProgramWord                                 Libraries\STM32F10x_StdPeriph_Driver\src\stm32f10x_flash.o
FLASH_ReadOutProtection                           Libraries\STM32F10x_StdPeriph_Driver\src\stm32f10x_flash.o
FLASH_SetLatency                                  Libraries\STM32F10x_StdPeriph_Driver\src\stm32f10x_flash.o
FLASH_Unlock                                      Libraries\STM32F10x_StdPeriph_Driver\src\stm32f10x_flash.o
FLASH_UnlockBank1                                 Libraries\STM32F10x_StdPeriph_Driver\src\stm32f10x_flash.o
FLASH_UserOptionByteConfig                        Libraries\STM32F10x_StdPeriph_Driver\src\stm32f10x_flash.o
FLASH_WaitForLastBank1Operation                   Libraries\STM32F10x_StdPeriph_Driver\src\stm32f10x_flash.o
FLASH_WaitForLastOperation                        Libraries\STM32F10x_StdPeriph_Driver\src\stm32f10x_flash.o
FSMC_ClearFlag                                    Libraries\STM32F10x_StdPeriph_Driver\src\stm32f10x_fsmc.o
FSMC_ClearITPendingBit                            Libraries\STM32F10x_StdPeriph_Driver\src\stm32f10x_fsmc.o
FSMC_GetECC                                       Libraries\STM32F10x_StdPeriph_Driver\src\stm32f10x_fsmc.o
FSMC_GetFlagStatus                                Libraries\STM32F10x_StdPeriph_Driver\src\stm32f10x_fsmc.o
FSMC_GetITStatus                                  Libraries\STM32F10x_StdPeriph_Driver\src\stm32f10x_fsmc.o
FSMC_IRQHandler                                   src\startup_stm32f10x_hd.o
FSMC_ITConfig                                     Libraries\STM32F10x_StdPeriph_Driver\src\stm32f10x_fsmc.o
FSMC_NANDCmd                                      Libraries\STM32F10x_StdPeriph_Driver\src\stm32f10x_fsmc.o
FSMC_NANDDeInit                                   Libraries\STM32F10x_StdPeriph_Driver\src\stm32f10x_fsmc.o
FSMC_NANDECCCmd                                   Libraries\STM32F10x_StdPeriph_Driver\src\stm32f10x_fsmc.o
FSMC_NANDInit                                     Libraries\STM32F10x_StdPeriph_Driver\src\stm32f10x_fsmc.o
FSMC_NANDStructInit                               Libraries\STM32F10x_StdPeriph_Driver\src\stm32f10x_fsmc.o
FSMC_NORSRAMCmd                                   Libraries\STM32F10x_StdPeriph_Driver\src\stm32f10x_fsmc.o
FSMC_NORSRAMDeInit                                Libraries\STM32F10x_StdPeriph_Driver\src\stm32f10x_fsmc.o
FSMC_NORSRAMInit                                  Libraries\STM32F10x_StdPeriph_Driver\src\stm32f10x_fsmc.o
FSMC_NORSRAMStructInit                            Libraries\STM32F10x_StdPeriph_Driver\src\stm32f10x_fsmc.o
FSMC_PCCARDCmd                                    Libraries\STM32F10x_StdPeriph_Driver\src\stm32f10x_fsmc.o
FSMC_PCCARDDeInit                                 Libraries\STM32F10x_StdPeriph_Driver\src\stm32f10x_fsmc.o
FSMC_PCCARDInit                                   Libraries\STM32F10x_StdPeriph_Driver\src\stm32f10x_fsmc.o
FSMC_PCCARDStructInit                             Libraries\STM32F10x_StdPeriph_Driver\src\stm32f10x_fsmc.o
GPIO_AFIODeInit                                   Libraries\STM32F10x_StdPeriph_Driver\src\stm32f10x_gpio.o
GPIO_DeInit                                       Libraries\STM32F10x_StdPeriph_Driver\src\stm32f10x_gpio.o
GPIO_ETH_MediaInterfaceConfig                     Libraries\STM32F10x_StdPeriph_Driver\src\stm32f10x_gpio.o
GPIO_EXTILineConfig                               Libraries\STM32F10x_StdPeriph_Driver\src\stm32f10x_gpio.o
GPIO_EventOutputCmd                               Libraries\STM32F10x_StdPeriph_Driver\src\stm32f10x_gpio.o
GPIO_EventOutputConfig                            Libraries\STM32F10x_StdPeriph_Driver\src\stm32f10x_gpio.o
GPIO_Init                                         Libraries\STM32F10x_StdPeriph_Driver\src\stm32f10x_gpio.o
                                                  src\uart.o
                                                  src\main.o
GPIO_PinLockConfig                                Libraries\STM32F10x_StdPeriph_Driver\src\stm32f10x_gpio.o
GPIO_PinRemapConfig                               Libraries\STM32F10x_StdPeriph_Driver\src\stm32f10x_gpio.o
GPIO_ReadInputData                                Libraries\STM32F10x_StdPeriph_Driver\src\stm32f10x_gpio.o
GPIO_ReadInputDataBit                             Libraries\STM32F10x_StdPeriph_Driver\src\stm32f10x_gpio.o
GPIO_ReadOutputData                               Libraries\STM32F10x_StdPeriph_Driver\src\stm32f10x_gpio.o
GPIO_ReadOutputDataBit                            Libraries\STM32F10x_StdPeriph_Driver\src\stm32f10x_gpio.o
GPIO_ResetBits                                    Libraries\STM32F10x_StdPeriph_Driver\src\stm32f10x_gpio.o
GPIO_SetBits                                      Libraries\STM32F10x_StdPeriph_Driver\src\stm32f10x_gpio.o
GPIO_StructInit                                   Libraries\STM32F10x_StdPeriph_Driver\src\stm32f10x_gpio.o
GPIO_Write                                        Libraries\STM32F10x_StdPeriph_Driver\src\stm32f10x_gpio.o
GPIO_WriteBit                                     Libraries\STM32F10x_StdPeriph_Driver\src\stm32f10x_gpio.o
                                                  src\main.o
HardFault_Handler                                 src\startup_stm32f10x_hd.o
I2C1_ER_IRQHandler                                src\startup_stm32f10x_hd.o
I2C1_EV_IRQHandler                                src\startup_stm32f10x_hd.o
I2C2_ER_IRQHandler                                src\startup_stm32f10x_hd.o
I2C2_EV_IRQHandler                                src\startup_stm32f10x_hd.o
I2C_ARPCmd                                        Libraries\STM32F10x_StdPeriph_Driver\src\stm32f10x_i2c.o
I2C_AcknowledgeConfig                             Libraries\STM32F10x_StdPeriph_Driver\src\stm32f10x_i2c.o
I2C_CalculatePEC                                  Libraries\STM32F10x_StdPeriph_Driver\src\stm32f10x_i2c.o
I2C_CheckEvent                                    Libraries\STM32F10x_StdPeriph_Driver\src\stm32f10x_i2c.o
I2C_ClearFlag                                     Libraries\STM32F10x_StdPeriph_Driver\src\stm32f10x_i2c.o
I2C_ClearITPendingBit                             Libraries\STM32F10x_StdPeriph_Driver\src\stm32f10x_i2c.o
I2C_Cmd                                           Libraries\STM32F10x_StdPeriph_Driver\src\stm32f10x_i2c.o
I2C_DMACmd                                        Libraries\STM32F10x_StdPeriph_Driver\src\stm32f10x_i2c.o
I2C_DMALastTransferCmd                            Libraries\STM32F10x_StdPeriph_Driver\src\stm32f10x_i2c.o
I2C_DeInit                                        Libraries\STM32F10x_StdPeriph_Driver\src\stm32f10x_i2c.o
I2C_DualAddressCmd                                Libraries\STM32F10x_StdPeriph_Driver\src\stm32f10x_i2c.o
I2C_FastModeDutyCycleConfig                       Libraries\STM32F10x_StdPeriph_Driver\src\stm32f10x_i2c.o
I2C_GeneralCallCmd                                Libraries\STM32F10x_StdPeriph_Driver\src\stm32f10x_i2c.o
I2C_GenerateSTART                                 Libraries\STM32F10x_StdPeriph_Driver\src\stm32f10x_i2c.o
I2C_GenerateSTOP                                  Libraries\STM32F10x_StdPeriph_Driver\src\stm32f10x_i2c.o
I2C_GetFlagStatus                                 Libraries\STM32F10x_StdPeriph_Driver\src\stm32f10x_i2c.o
I2C_GetITStatus                                   Libraries\STM32F10x_StdPeriph_Driver\src\stm32f10x_i2c.o
I2C_GetLastEvent                                  Libraries\STM32F10x_StdPeriph_Driver\src\stm32f10x_i2c.o
I2C_GetPEC                                        Libraries\STM32F10x_StdPeriph_Driver\src\stm32f10x_i2c.o
I2C_ITConfig                                      Libraries\STM32F10x_StdPeriph_Driver\src\stm32f10x_i2c.o
I2C_Init                                          Libraries\STM32F10x_StdPeriph_Driver\src\stm32f10x_i2c.o
I2C_NACKPositionConfig                            Libraries\STM32F10x_StdPeriph_Driver\src\stm32f10x_i2c.o
I2C_OwnAddress2Config                             Libraries\STM32F10x_StdPeriph_Driver\src\stm32f10x_i2c.o
I2C_PECPositionConfig                             Libraries\STM32F10x_StdPeriph_Driver\src\stm32f10x_i2c.o
I2C_ReadRegister                                  Libraries\STM32F10x_StdPeriph_Driver\src\stm32f10x_i2c.o
I2C_ReceiveData                                   Libraries\STM32F10x_StdPeriph_Driver\src\stm32f10x_i2c.o
I2C_SMBusAlertConfig                              Libraries\STM32F10x_StdPeriph_Driver\src\stm32f10x_i2c.o
I2C_Send7bitAddress                               Libraries\STM32F10x_StdPeriph_Driver\src\stm32f10x_i2c.o
I2C_SendData                                      Libraries\STM32F10x_StdPeriph_Driver\src\stm32f10x_i2c.o
I2C_SoftwareResetCmd                              Libraries\STM32F10x_StdPeriph_Driver\src\stm32f10x_i2c.o
I2C_StretchClockCmd                               Libraries\STM32F10x_StdPeriph_Driver\src\stm32f10x_i2c.o
I2C_StructInit                                    Libraries\STM32F10x_StdPeriph_Driver\src\stm32f10x_i2c.o
I2C_TransmitPEC                                   Libraries\STM32F10x_StdPeriph_Driver\src\stm32f10x_i2c.o
I2S_Cmd                                           Libraries\STM32F10x_StdPeriph_Driver\src\stm32f10x_spi.o
I2S_Init                                          Libraries\STM32F10x_StdPeriph_Driver\src\stm32f10x_spi.o
I2S_StructInit                                    Libraries\STM32F10x_StdPeriph_Driver\src\stm32f10x_spi.o
IWDG_Enable                                       Libraries\STM32F10x_StdPeriph_Driver\src\stm32f10x_iwdg.o
IWDG_GetFlagStatus                                Libraries\STM32F10x_StdPeriph_Driver\src\stm32f10x_iwdg.o
IWDG_ReloadCounter                                Libraries\STM32F10x_StdPeriph_Driver\src\stm32f10x_iwdg.o
IWDG_SetPrescaler                                 Libraries\STM32F10x_StdPeriph_Driver\src\stm32f10x_iwdg.o
IWDG_SetReload                                    Libraries\STM32F10x_StdPeriph_Driver\src\stm32f10x_iwdg.o
IWDG_WriteAccessCmd                               Libraries\STM32F10x_StdPeriph_Driver\src\stm32f10x_iwdg.o
MemManage_Handler                                 src\startup_stm32f10x_hd.o
NMI_Handler                                       src\startup_stm32f10x_hd.o
NVIC_Init                                         Libraries\STM32F10x_StdPeriph_Driver\src\misc.o
NVIC_PriorityGroupConfig                          Libraries\STM32F10x_StdPeriph_Driver\src\misc.o
NVIC_SetVectorTable                               Libraries\STM32F10x_StdPeriph_Driver\src\misc.o
NVIC_SystemLPConfig                               Libraries\STM32F10x_StdPeriph_Driver\src\misc.o
PVD_IRQHandler                                    src\startup_stm32f10x_hd.o
PWR_BackupAccessCmd                               Libraries\STM32F10x_StdPeriph_Driver\src\stm32f10x_pwr.o
PWR_ClearFlag                                     Libraries\STM32F10x_StdPeriph_Driver\src\stm32f10x_pwr.o
PWR_DeInit                                        Libraries\STM32F10x_StdPeriph_Driver\src\stm32f10x_pwr.o
PWR_EnterSTANDBYMode                              Libraries\STM32F10x_StdPeriph_Driver\src\stm32f10x_pwr.o
PWR_EnterSTOPMode                                 Libraries\STM32F10x_StdPeriph_Driver\src\stm32f10x_pwr.o
PWR_GetFlagStatus                                 Libraries\STM32F10x_StdPeriph_Driver\src\stm32f10x_pwr.o
PWR_PVDCmd                                        Libraries\STM32F10x_StdPeriph_Driver\src\stm32f10x_pwr.o
PWR_PVDLevelConfig                                Libraries\STM32F10x_StdPeriph_Driver\src\stm32f10x_pwr.o
PWR_WakeUpPinCmd                                  Libraries\STM32F10x_StdPeriph_Driver\src\stm32f10x_pwr.o
PendSV_Handler                                    FreeRTOS\include\port.o
RCC_ADCCLKConfig                                  Libraries\STM32F10x_StdPeriph_Driver\src\stm32f10x_rcc.o
RCC_AHBPeriphClockCmd                             Libraries\STM32F10x_StdPeriph_Driver\src\stm32f10x_rcc.o
RCC_APB1PeriphClockCmd                            Libraries\STM32F10x_StdPeriph_Driver\src\stm32f10x_rcc.o
RCC_APB1PeriphResetCmd                            Libraries\STM32F10x_StdPeriph_Driver\src\stm32f10x_rcc.o
                                                  Libraries\STM32F10x_StdPeriph_Driver\src\stm32f10x_wwdg.o
                                                  Libraries\STM32F10x_StdPeriph_Driver\src\stm32f10x_usart.o
                                                  Libraries\STM32F10x_StdPeriph_Driver\src\stm32f10x_tim.o
                                                  Libraries\STM32F10x_StdPeriph_Driver\src\stm32f10x_spi.o
                                                  Libraries\STM32F10x_StdPeriph_Driver\src\stm32f10x_pwr.o
                                                  Libraries\STM32F10x_StdPeriph_Driver\src\stm32f10x_i2c.o
                                                  Libraries\STM32F10x_StdPeriph_Driver\src\stm32f10x_dac.o
                                                  Libraries\STM32F10x_StdPeriph_Driver\src\stm32f10x_cec.o
                                                  Libraries\STM32F10x_StdPeriph_Driver\src\stm32f10x_can.o
RCC_APB2PeriphClockCmd                            Libraries\STM32F10x_StdPeriph_Driver\src\stm32f10x_rcc.o
                                                  src\uart.o
                                                  src\main.o
RCC_APB2PeriphResetCmd                            Libraries\STM32F10x_StdPeriph_Driver\src\stm32f10x_rcc.o
                                                  Libraries\STM32F10x_StdPeriph_Driver\src\stm32f10x_usart.o
                                                  Libraries\STM32F10x_StdPeriph_Driver\src\stm32f10x_tim.o
                                                  Libraries\STM32F10x_StdPeriph_Driver\src\stm32f10x_spi.o
                                                  Libraries\STM32F10x_StdPeriph_Driver\src\stm32f10x_gpio.o
                                                  Libraries\STM32F10x_StdPeriph_Driver\src\stm32f10x_adc.o
RCC_AdjustHSICalibrationValue                     Libraries\STM32F10x_StdPeriph_Driver\src\stm32f10x_rcc.o
RCC_BackupResetCmd                                Libraries\STM32F10x_StdPeriph_Driver\src\stm32f10x_rcc.o
                                                  Libraries\STM32F10x_StdPeriph_Driver\src\stm32f10x_bkp.o
RCC_ClearFlag                                     Libraries\STM32F10x_StdPeriph_Driver\src\stm32f10x_rcc.o
RCC_ClearITPendingBit                             Libraries\STM32F10x_StdPeriph_Driver\src\stm32f10x_rcc.o
RCC_ClockSecuritySystemCmd                        Libraries\STM32F10x_StdPeriph_Driver\src\stm32f10x_rcc.o
RCC_DeInit                                        Libraries\STM32F10x_StdPeriph_Driver\src\stm32f10x_rcc.o
RCC_GetClocksFreq                                 Libraries\STM32F10x_StdPeriph_Driver\src\stm32f10x_rcc.o
                                                  Libraries\STM32F10x_StdPeriph_Driver\src\stm32f10x_usart.o
                                                  Libraries\STM32F10x_StdPeriph_Driver\src\stm32f10x_spi.o
                                                  Libraries\STM32F10x_StdPeriph_Driver\src\stm32f10x_i2c.o
RCC_GetFlagStatus                                 Libraries\STM32F10x_StdPeriph_Driver\src\stm32f10x_rcc.o
RCC_GetITStatus                                   Libraries\STM32F10x_StdPeriph_Driver\src\stm32f10x_rcc.o
RCC_GetSYSCLKSource                               Libraries\STM32F10x_StdPeriph_Driver\src\stm32f10x_rcc.o
RCC_HCLKConfig                                    Libraries\STM32F10x_StdPeriph_Driver\src\stm32f10x_rcc.o
RCC_HSEConfig                                     Libraries\STM32F10x_StdPeriph_Driver\src\stm32f10x_rcc.o
RCC_HSICmd                                        Libraries\STM32F10x_StdPeriph_Driver\src\stm32f10x_rcc.o
RCC_IRQHandler                                    src\startup_stm32f10x_hd.o
RCC_ITConfig                                      Libraries\STM32F10x_StdPeriph_Driver\src\stm32f10x_rcc.o
RCC_LSEConfig                                     Libraries\STM32F10x_StdPeriph_Driver\src\stm32f10x_rcc.o
RCC_LSICmd                                        Libraries\STM32F10x_StdPeriph_Driver\src\stm32f10x_rcc.o
RCC_MCOConfig                                     Libraries\STM32F10x_StdPeriph_Driver\src\stm32f10x_rcc.o
RCC_PCLK1Config                                   Libraries\STM32F10x_StdPeriph_Driver\src\stm32f10x_rcc.o
RCC_PCLK2Config                                   Libraries\STM32F10x_StdPeriph_Driver\src\stm32f10x_rcc.o
RCC_PLLCmd                                        Libraries\STM32F10x_StdPeriph_Driver\src\stm32f10x_rcc.o
RCC_PLLConfig                                     Libraries\STM32F10x_StdPeriph_Driver\src\stm32f10x_rcc.o
RCC_RTCCLKCmd                                     Libraries\STM32F10x_StdPeriph_Driver\src\stm32f10x_rcc.o
RCC_RTCCLKConfig                                  Libraries\STM32F10x_StdPeriph_Driver\src\stm32f10x_rcc.o
RCC_SYSCLKConfig                                  Libraries\STM32F10x_StdPeriph_Driver\src\stm32f10x_rcc.o
RCC_USBCLKConfig                                  Libraries\STM32F10x_StdPeriph_Driver\src\stm32f10x_rcc.o
RCC_WaitForHSEStartUp                             Libraries\STM32F10x_StdPeriph_Driver\src\stm32f10x_rcc.o
RTCAlarm_IRQHandler                               src\startup_stm32f10x_hd.o
RTC_ClearFlag                                     Libraries\STM32F10x_StdPeriph_Driver\src\stm32f10x_rtc.o
RTC_ClearITPendingBit                             Libraries\STM32F10x_StdPeriph_Driver\src\stm32f10x_rtc.o
RTC_EnterConfigMode                               Libraries\STM32F10x_StdPeriph_Driver\src\stm32f10x_rtc.o
RTC_ExitConfigMode                                Libraries\STM32F10x_StdPeriph_Driver\src\stm32f10x_rtc.o
RTC_GetCounter                                    Libraries\STM32F10x_StdPeriph_Driver\src\stm32f10x_rtc.o
RTC_GetDivider                                    Libraries\STM32F10x_StdPeriph_Driver\src\stm32f10x_rtc.o
RTC_GetFlagStatus                                 Libraries\STM32F10x_StdPeriph_Driver\src\stm32f10x_rtc.o
RTC_GetITStatus                                   Libraries\STM32F10x_StdPeriph_Driver\src\stm32f10x_rtc.o
RTC_IRQHandler                                    src\startup_stm32f10x_hd.o
RTC_ITConfig                                      Libraries\STM32F10x_StdPeriph_Driver\src\stm32f10x_rtc.o
RTC_SetAlarm                                      Libraries\STM32F10x_StdPeriph_Driver\src\stm32f10x_rtc.o
RTC_SetCounter                                    Libraries\STM32F10x_StdPeriph_Driver\src\stm32f10x_rtc.o
RTC_SetPrescaler                                  Libraries\STM32F10x_StdPeriph_Driver\src\stm32f10x_rtc.o
RTC_WaitForLastTask                               Libraries\STM32F10x_StdPeriph_Driver\src\stm32f10x_rtc.o
RTC_WaitForSynchro                                Libraries\STM32F10x_StdPeriph_Driver\src\stm32f10x_rtc.o
Reset_Handler                                     src\startup_stm32f10x_hd.o
SDIO_CEATAITCmd                                   Libraries\STM32F10x_StdPeriph_Driver\src\stm32f10x_sdio.o
SDIO_ClearFlag                                    Libraries\STM32F10x_StdPeriph_Driver\src\stm32f10x_sdio.o
SDIO_ClearITPendingBit                            Libraries\STM32F10x_StdPeriph_Driver\src\stm32f10x_sdio.o
SDIO_ClockCmd                                     Libraries\STM32F10x_StdPeriph_Driver\src\stm32f10x_sdio.o
SDIO_CmdStructInit                                Libraries\STM32F10x_StdPeriph_Driver\src\stm32f10x_sdio.o
SDIO_CommandCompletionCmd                         Libraries\STM32F10x_StdPeriph_Driver\src\stm32f10x_sdio.o
SDIO_DMACmd                                       Libraries\STM32F10x_StdPeriph_Driver\src\stm32f10x_sdio.o
SDIO_DataConfig                                   Libraries\STM32F10x_StdPeriph_Driver\src\stm32f10x_sdio.o
SDIO_DataStructInit                               Libraries\STM32F10x_StdPeriph_Driver\src\stm32f10x_sdio.o
SDIO_DeInit                                       Libraries\STM32F10x_StdPeriph_Driver\src\stm32f10x_sdio.o
SDIO_GetCommandResponse                           Libraries\STM32F10x_StdPeriph_Driver\src\stm32f10x_sdio.o
SDIO_GetDataCounter                               Libraries\STM32F10x_StdPeriph_Driver\src\stm32f10x_sdio.o
SDIO_GetFIFOCount                                 Libraries\STM32F10x_StdPeriph_Driver\src\stm32f10x_sdio.o
SDIO_GetFlagStatus                                Libraries\STM32F10x_StdPeriph_Driver\src\stm32f10x_sdio.o
SDIO_GetITStatus                                  Libraries\STM32F10x_StdPeriph_Driver\src\stm32f10x_sdio.o
SDIO_GetPowerState                                Libraries\STM32F10x_StdPeriph_Driver\src\stm32f10x_sdio.o
SDIO_GetResponse                                  Libraries\STM32F10x_StdPeriph_Driver\src\stm32f10x_sdio.o
SDIO_IRQHandler                                   src\startup_stm32f10x_hd.o
SDIO_ITConfig                                     Libraries\STM32F10x_StdPeriph_Driver\src\stm32f10x_sdio.o
SDIO_Init                                         Libraries\STM32F10x_StdPeriph_Driver\src\stm32f10x_sdio.o
SDIO_ReadData                                     Libraries\STM32F10x_StdPeriph_Driver\src\stm32f10x_sdio.o
SDIO_SendCEATACmd                                 Libraries\STM32F10x_StdPeriph_Driver\src\stm32f10x_sdio.o
SDIO_SendCommand                                  Libraries\STM32F10x_StdPeriph_Driver\src\stm32f10x_sdio.o
SDIO_SendSDIOSuspendCmd                           Libraries\STM32F10x_StdPeriph_Driver\src\stm32f10x_sdio.o
SDIO_SetPowerState                                Libraries\STM32F10x_StdPeriph_Driver\src\stm32f10x_sdio.o
SDIO_SetSDIOOperation                             Libraries\STM32F10x_StdPeriph_Driver\src\stm32f10x_sdio.o
SDIO_SetSDIOReadWaitMode                          Libraries\STM32F10x_StdPeriph_Driver\src\stm32f10x_sdio.o
SDIO_StartSDIOReadWait                            Libraries\STM32F10x_StdPeriph_Driver\src\stm32f10x_sdio.o
SDIO_StopSDIOReadWait                             Libraries\STM32F10x_StdPeriph_Driver\src\stm32f10x_sdio.o
SDIO_StructInit                                   Libraries\STM32F10x_StdPeriph_Driver\src\stm32f10x_sdio.o
SDIO_WriteData                                    Libraries\STM32F10x_StdPeriph_Driver\src\stm32f10x_sdio.o
SPI1_IRQHandler                                   src\startup_stm32f10x_hd.o
SPI2_IRQHandler                                   src\startup_stm32f10x_hd.o
SPI3_IRQHandler                                   src\startup_stm32f10x_hd.o
SPI_BiDirectionalLineConfig                       Libraries\STM32F10x_StdPeriph_Driver\src\stm32f10x_spi.o
SPI_CalculateCRC                                  Libraries\STM32F10x_StdPeriph_Driver\src\stm32f10x_spi.o
SPI_Cmd                                           Libraries\STM32F10x_StdPeriph_Driver\src\stm32f10x_spi.o
SPI_DataSizeConfig                                Libraries\STM32F10x_StdPeriph_Driver\src\stm32f10x_spi.o
SPI_GetCRC                                        Libraries\STM32F10x_StdPeriph_Driver\src\stm32f10x_spi.o
SPI_GetCRCPolynomial                              Libraries\STM32F10x_StdPeriph_Driver\src\stm32f10x_spi.o
SPI_I2S_ClearFlag                                 Libraries\STM32F10x_StdPeriph_Driver\src\stm32f10x_spi.o
SPI_I2S_ClearITPendingBit                         Libraries\STM32F10x_StdPeriph_Driver\src\stm32f10x_spi.o
SPI_I2S_DMACmd                                    Libraries\STM32F10x_StdPeriph_Driver\src\stm32f10x_spi.o
SPI_I2S_DeInit                                    Libraries\STM32F10x_StdPeriph_Driver\src\stm32f10x_spi.o
SPI_I2S_GetFlagStatus                             Libraries\STM32F10x_StdPeriph_Driver\src\stm32f10x_spi.o
SPI_I2S_GetITStatus                               Libraries\STM32F10x_StdPeriph_Driver\src\stm32f10x_spi.o
SPI_I2S_ITConfig                                  Libraries\STM32F10x_StdPeriph_Driver\src\stm32f10x_spi.o
SPI_I2S_ReceiveData                               Libraries\STM32F10x_StdPeriph_Driver\src\stm32f10x_spi.o
SPI_I2S_SendData                                  Libraries\STM32F10x_StdPeriph_Driver\src\stm32f10x_spi.o
SPI_Init                                          Libraries\STM32F10x_StdPeriph_Driver\src\stm32f10x_spi.o
SPI_NSSInternalSoftwareConfig                     Libraries\STM32F10x_StdPeriph_Driver\src\stm32f10x_spi.o
SPI_SSOutputCmd                                   Libraries\STM32F10x_StdPeriph_Driver\src\stm32f10x_spi.o
SPI_StructInit                                    Libraries\STM32F10x_StdPeriph_Driver\src\stm32f10x_spi.o
SPI_TransmitCRC                                   Libraries\STM32F10x_StdPeriph_Driver\src\stm32f10x_spi.o
SVC_Handler                                       FreeRTOS\include\port.o
SysTick_CLKSourceConfig                           Libraries\STM32F10x_StdPeriph_Driver\src\misc.o
SysTick_Handler                                   FreeRTOS\include\port.o
SystemCoreClock                                   src\system_stm32f10x.o
SystemCoreClockUpdate                             src\system_stm32f10x.o
SystemInit                                        src\system_stm32f10x.o
                                                  src\startup_stm32f10x_hd.o
TAMPER_IRQHandler                                 src\startup_stm32f10x_hd.o
TIM1_BRK_IRQHandler                               src\startup_stm32f10x_hd.o
TIM1_CC_IRQHandler                                src\startup_stm32f10x_hd.o
TIM1_TRG_COM_IRQHandler                           src\startup_stm32f10x_hd.o
TIM1_UP_IRQHandler                                src\startup_stm32f10x_hd.o
TIM2_IRQHandler                                   src\startup_stm32f10x_hd.o
TIM3_IRQHandler                                   src\startup_stm32f10x_hd.o
TIM4_IRQHandler                                   src\startup_stm32f10x_hd.o
TIM5_IRQHandler                                   src\startup_stm32f10x_hd.o
TIM6_IRQHandler                                   src\startup_stm32f10x_hd.o
TIM7_IRQHandler                                   src\startup_stm32f10x_hd.o
TIM8_BRK_IRQHandler                               src\startup_stm32f10x_hd.o
TIM8_CC_IRQHandler                                src\startup_stm32f10x_hd.o
TIM8_TRG_COM_IRQHandler                           src\startup_stm32f10x_hd.o
TIM8_UP_IRQHandler                                src\startup_stm32f10x_hd.o
TIM_ARRPreloadConfig                              Libraries\STM32F10x_StdPeriph_Driver\src\stm32f10x_tim.o
TIM_BDTRConfig                                    Libraries\STM32F10x_StdPeriph_Driver\src\stm32f10x_tim.o
TIM_BDTRStructInit                                Libraries\STM32F10x_StdPeriph_Driver\src\stm32f10x_tim.o
TIM_CCPreloadControl                              Libraries\STM32F10x_StdPeriph_Driver\src\stm32f10x_tim.o
TIM_CCxCmd                                        Libraries\STM32F10x_StdPeriph_Driver\src\stm32f10x_tim.o
TIM_CCxNCmd                                       Libraries\STM32F10x_StdPeriph_Driver\src\stm32f10x_tim.o
TIM_ClearFlag                                     Libraries\STM32F10x_StdPeriph_Driver\src\stm32f10x_tim.o
TIM_ClearITPendingBit                             Libraries\STM32F10x_StdPeriph_Driver\src\stm32f10x_tim.o
TIM_ClearOC1Ref                                   Libraries\STM32F10x_StdPeriph_Driver\src\stm32f10x_tim.o
TIM_ClearOC2Ref                                   Libraries\STM32F10x_StdPeriph_Driver\src\stm32f10x_tim.o
TIM_ClearOC3Ref                                   Libraries\STM32F10x_StdPeriph_Driver\src\stm32f10x_tim.o
TIM_ClearOC4Ref                                   Libraries\STM32F10x_StdPeriph_Driver\src\stm32f10x_tim.o
TIM_Cmd                                           Libraries\STM32F10x_StdPeriph_Driver\src\stm32f10x_tim.o
TIM_CounterModeConfig                             Libraries\STM32F10x_StdPeriph_Driver\src\stm32f10x_tim.o
TIM_CtrlPWMOutputs                                Libraries\STM32F10x_StdPeriph_Driver\src\stm32f10x_tim.o
TIM_DMACmd                                        Libraries\STM32F10x_StdPeriph_Driver\src\stm32f10x_tim.o
TIM_DMAConfig                                     Libraries\STM32F10x_StdPeriph_Driver\src\stm32f10x_tim.o
TIM_DeInit                                        Libraries\STM32F10x_StdPeriph_Driver\src\stm32f10x_tim.o
TIM_ETRClockMode1Config                           Libraries\STM32F10x_StdPeriph_Driver\src\stm32f10x_tim.o
TIM_ETRClockMode2Config                           Libraries\STM32F10x_StdPeriph_Driver\src\stm32f10x_tim.o
TIM_ETRConfig                                     Libraries\STM32F10x_StdPeriph_Driver\src\stm32f10x_tim.o
TIM_EncoderInterfaceConfig                        Libraries\STM32F10x_StdPeriph_Driver\src\stm32f10x_tim.o
TIM_ForcedOC1Config                               Libraries\STM32F10x_StdPeriph_Driver\src\stm32f10x_tim.o
TIM_ForcedOC2Config                               Libraries\STM32F10x_StdPeriph_Driver\src\stm32f10x_tim.o
TIM_ForcedOC3Config                               Libraries\STM32F10x_StdPeriph_Driver\src\stm32f10x_tim.o
TIM_ForcedOC4Config                               Libraries\STM32F10x_StdPeriph_Driver\src\stm32f10x_tim.o
TIM_GenerateEvent                                 Libraries\STM32F10x_StdPeriph_Driver\src\stm32f10x_tim.o
TIM_GetCapture1                                   Libraries\STM32F10x_StdPeriph_Driver\src\stm32f10x_tim.o
TIM_GetCapture2                                   Libraries\STM32F10x_StdPeriph_Driver\src\stm32f10x_tim.o
TIM_GetCapture3                                   Libraries\STM32F10x_StdPeriph_Driver\src\stm32f10x_tim.o
TIM_GetCapture4                                   Libraries\STM32F10x_StdPeriph_Driver\src\stm32f10x_tim.o
TIM_GetCounter                                    Libraries\STM32F10x_StdPeriph_Driver\src\stm32f10x_tim.o
TIM_GetFlagStatus                                 Libraries\STM32F10x_StdPeriph_Driver\src\stm32f10x_tim.o
TIM_GetITStatus                                   Libraries\STM32F10x_StdPeriph_Driver\src\stm32f10x_tim.o
TIM_GetPrescaler                                  Libraries\STM32F10x_StdPeriph_Driver\src\stm32f10x_tim.o
TIM_ICInit                                        Libraries\STM32F10x_StdPeriph_Driver\src\stm32f10x_tim.o