core_cm3.h:1107:22:NVIC_SystemReset	4	static
microrl_func.c:35:6:microrl_terminalInit	8	static
microrl_func.c:50:6:microrl_terminalProcess	16	static
microrl_func.c:55:6:microrl_registerExecuteFunc	24	static
microrl_func.c:66:6:microrl_printString	16	static
microrl_func.c:71:6:microrl_printStringWithEndl	16	static
microrl_func.c:77:6:microrl_printEndl	8	static
microrl_func.c:82:13:prv_registerBasicTerminalFuncs	8	static
microrl_func.c:89:12:prv_getFuncArrayIndex	24	static
microrl_func.c:100:12:prv_execute	24	static
microrl_func.c:114:16:prv_complet	32	static
microrl_func.c:133:13:prv_sigint	8	static
microrl_func.c:139:12:prv_TerminalFunc_about	16	static
microrl_func.c:146:12:prv_TerminalFunc_help	16	static
microrl_func.c:163:13:prv_printMainHelp	16	static
microrl_func.c:176:13:prv_printTerminalFuncHelp	24	static
microrl_func.c:191:12:prv_TerminalFunc_clear	16	static
